Archive member included because of file (symbol)

startup/libea_startup_thumb.a(startup.o)
                              (_startup)
startup/libea_startup_thumb.a(framework.o)
                              startup/libea_startup_thumb.a(startup.o) (exceptionHandlerInit)
startup/libea_startup_thumb.a(consol.o)
                              startup/libea_startup_thumb.a(framework.o) (consolInit)
/cygdrive/c/program/gnuarm/bin/../lib/gcc/arm-elf/4.1.1/interwork/libgcc.a(_udivsi3.o)
                              main.o (__udivsi3)
/cygdrive/c/program/gnuarm/bin/../lib/gcc/arm-elf/4.1.1/interwork/libgcc.a(_umodsi3.o)
                              startup/libea_startup_thumb.a(consol.o) (__umodsi3)
/cygdrive/c/program/gnuarm/bin/../lib/gcc/arm-elf/4.1.1/interwork/libgcc.a(_dvmd_tls.o)
                              /cygdrive/c/program/gnuarm/bin/../lib/gcc/arm-elf/4.1.1/interwork/libgcc.a(_udivsi3.o) (__div0)
/cygdrive/c/program/gnuarm/bin/../lib/gcc/arm-elf/4.1.1/../../../../arm-elf/lib/interwork/libc.a(memcpy.o)
                              startup/libea_startup_thumb.a(consol.o) (memcpy)

Allocating common symbols
Common symbol       size              file

pHeapEnd            0x4               startup/libea_startup_thumb.a(framework.o)
pHeapStart          0x4               startup/libea_startup_thumb.a(framework.o)

Discarded input sections

 .stabstr       0x00000000        0x0 startup/libea_startup_thumb.a(startup.o)

Memory Configuration

Name             Origin             Length             Attributes
FLASH            0x00000000         0x00010000         xr
RAM              0x40000000         0x00004000         rw
*default*        0x00000000         0xffffffff

Linker script and memory map

LOAD main.o
LOAD startup/libea_startup_thumb.a
START GROUP
LOAD /cygdrive/c/program/gnuarm/bin/../lib/gcc/arm-elf/4.1.1/interwork/libgcc.a
LOAD /cygdrive/c/program/gnuarm/bin/../lib/gcc/arm-elf/4.1.1/../../../../arm-elf/lib/interwork/libc.a
END GROUP

.text           0x00000000      0xb80
 *startup.o(.text)
 .text          0x00000000      0x1bc startup/libea_startup_thumb.a(startup.o)
                0x00000000                _startup
 *(.text)
 .text          0x000001bc       0xbc main.o
                0x000001bc                main
 .text          0x00000278      0x280 startup/libea_startup_thumb.a(framework.o)
                0x00000398                eaInit
                0x000002e4                lowLevelInit
                0x00000278                exceptionHandlerInit
 .text          0x000004f8      0x3fc startup/libea_startup_thumb.a(consol.o)
                0x000005ec                consolSendCh
                0x0000065c                consolSendNumber
                0x000005cc                consolSendChar
                0x00000774                simplePrintf
                0x00000630                consolSendString
                0x0000057c                consolInit
 .text          0x000008f4      0x114 /cygdrive/c/program/gnuarm/bin/../lib/gcc/arm-elf/4.1.1/interwork/libgcc.a(_udivsi3.o)
                0x000008f4                __udivsi3
                0x000008f4                __aeabi_uidiv
                0x000009f0                __aeabi_uidivmod
 .text          0x00000a08       0xd0 /cygdrive/c/program/gnuarm/bin/../lib/gcc/arm-elf/4.1.1/interwork/libgcc.a(_umodsi3.o)
                0x00000a08                __umodsi3
 .text          0x00000ad8        0x4 /cygdrive/c/program/gnuarm/bin/../lib/gcc/arm-elf/4.1.1/interwork/libgcc.a(_dvmd_tls.o)
                0x00000ad8                __aeabi_ldiv0
                0x00000ad8                __div0
                0x00000ad8                __aeabi_idiv0
 .text          0x00000adc       0x9c /cygdrive/c/program/gnuarm/bin/../lib/gcc/arm-elf/4.1.1/../../../../arm-elf/lib/interwork/libc.a(memcpy.o)
                0x00000adc                memcpy
 *(.glue_7)
 .glue_7        0x00000b78        0x0 main.o
 .glue_7        0x00000b78        0x0 startup/libea_startup_thumb.a(startup.o)
 .glue_7        0x00000b78        0x0 startup/libea_startup_thumb.a(framework.o)
 .glue_7        0x00000b78        0x0 startup/libea_startup_thumb.a(consol.o)
 .glue_7        0x00000b78        0x0 /cygdrive/c/program/gnuarm/bin/../lib/gcc/arm-elf/4.1.1/interwork/libgcc.a(_udivsi3.o)
 .glue_7        0x00000b78        0x0 /cygdrive/c/program/gnuarm/bin/../lib/gcc/arm-elf/4.1.1/interwork/libgcc.a(_umodsi3.o)
 .glue_7        0x00000b78        0x0 /cygdrive/c/program/gnuarm/bin/../lib/gcc/arm-elf/4.1.1/interwork/libgcc.a(_dvmd_tls.o)
 .glue_7        0x00000b78        0x0 /cygdrive/c/program/gnuarm/bin/../lib/gcc/arm-elf/4.1.1/../../../../arm-elf/lib/interwork/libc.a(memcpy.o)
 *(.glue_7t)
 .glue_7t       0x00000b78        0x0 main.o
 .glue_7t       0x00000b78        0x0 startup/libea_startup_thumb.a(startup.o)
 .glue_7t       0x00000b78        0x0 startup/libea_startup_thumb.a(framework.o)
 .glue_7t       0x00000b78        0x0 startup/libea_startup_thumb.a(consol.o)
 .glue_7t       0x00000b78        0x0 /cygdrive/c/program/gnuarm/bin/../lib/gcc/arm-elf/4.1.1/interwork/libgcc.a(_udivsi3.o)
 .glue_7t       0x00000b78        0x0 /cygdrive/c/program/gnuarm/bin/../lib/gcc/arm-elf/4.1.1/interwork/libgcc.a(_umodsi3.o)
 .glue_7t       0x00000b78        0x0 /cygdrive/c/program/gnuarm/bin/../lib/gcc/arm-elf/4.1.1/interwork/libgcc.a(_dvmd_tls.o)
 .glue_7t       0x00000b78        0x8 /cygdrive/c/program/gnuarm/bin/../lib/gcc/arm-elf/4.1.1/../../../../arm-elf/lib/interwork/libc.a(memcpy.o)
                0x00000b7c                ____udivsi3_change_to_arm
                0x00000b78                ____udivsi3_from_thumb
                0x00000b80                . = ALIGN (0x4)

.rodata         0x00000b80       0xdc
 *(.rodata)
 .rodata        0x00000b80       0x10 startup/libea_startup_thumb.a(consol.o)
 *(.rodata*)
 .rodata.str1.4
                0x00000b90       0xb8 startup/libea_startup_thumb.a(framework.o)
 .rodata.str1.4
                0x00000c48       0x14 startup/libea_startup_thumb.a(consol.o)
                0x00000c5c                . = ALIGN (0x4)
                0x00000c5c                _etext = .
                0x00000c5c                PROVIDE (etext, .)

.data           0x40000080        0x0 load address 0x00000c5c
                0x40000080                _data = .
 *(.data)
 .data          0x40000080        0x0 main.o
 .data          0x40000080        0x0 startup/libea_startup_thumb.a(startup.o)
 .data          0x40000080        0x0 startup/libea_startup_thumb.a(framework.o)
 .data          0x40000080        0x0 startup/libea_startup_thumb.a(consol.o)
 .data          0x40000080        0x0 /cygdrive/c/program/gnuarm/bin/../lib/gcc/arm-elf/4.1.1/interwork/libgcc.a(_udivsi3.o)
 .data          0x40000080        0x0 /cygdrive/c/program/gnuarm/bin/../lib/gcc/arm-elf/4.1.1/interwork/libgcc.a(_umodsi3.o)
 .data          0x40000080        0x0 /cygdrive/c/program/gnuarm/bin/../lib/gcc/arm-elf/4.1.1/interwork/libgcc.a(_dvmd_tls.o)
 .data          0x40000080        0x0 /cygdrive/c/program/gnuarm/bin/../lib/gcc/arm-elf/4.1.1/../../../../arm-elf/lib/interwork/libc.a(memcpy.o)
                0x40000080                . = ALIGN (0x4)
                0x40000080                _edata = .
                0x40000080                PROVIDE (edata, .)

.bss            0x40000000        0x8
                0x40000000                _bss = .
                0x40000000                __bss_start = .
                0x40000000                __bss_start__ = .
 *(.bss)
 .bss           0x40000000        0x0 main.o
 .bss           0x40000000        0x0 startup/libea_startup_thumb.a(startup.o)
 .bss           0x40000000        0x0 startup/libea_startup_thumb.a(framework.o)
 .bss           0x40000000        0x0 startup/libea_startup_thumb.a(consol.o)
 .bss           0x40000000        0x0 /cygdrive/c/program/gnuarm/bin/../lib/gcc/arm-elf/4.1.1/interwork/libgcc.a(_udivsi3.o)
 .bss           0x40000000        0x0 /cygdrive/c/program/gnuarm/bin/../lib/gcc/arm-elf/4.1.1/interwork/libgcc.a(_umodsi3.o)
 .bss           0x40000000        0x0 /cygdrive/c/program/gnuarm/bin/../lib/gcc/arm-elf/4.1.1/interwork/libgcc.a(_dvmd_tls.o)
 .bss           0x40000000        0x0 /cygdrive/c/program/gnuarm/bin/../lib/gcc/arm-elf/4.1.1/../../../../arm-elf/lib/interwork/libc.a(memcpy.o)
 *(COMMON)
 COMMON         0x40000000        0x8 startup/libea_startup_thumb.a(framework.o)
                0x40000000                pHeapEnd
                0x40000004                pHeapStart
                0x40000008                . = ALIGN (0x4)
                0x40000008                . = ALIGN (0x4)
                0x40000008                __bss_end = .
                0x40000008                __bss_end__ = .
                0x40000008                _end = .
                0x40000008                PROVIDE (end, .)

.stab           0x00000000      0x3b4
 *(.stab)
 .stab          0x00000000      0x3b4 startup/libea_startup_thumb.a(startup.o)

.stabstr        0x00000000       0x57
 *(.stabstr)
 .stabstr       0x00000000       0x57 startup/libea_startup_thumb.a(startup.o)

.stab.excl
 *(.stab.excl)

.stab.exclstr
 *(.stab.exclstr)

.stab.index
 *(.stab.index)

.stab.indexstr
 *(.stab.indexstr)

.comment        0x00000000       0x48
 *(.comment)
 .comment       0x00000000       0x12 main.o
 .comment       0x00000012       0x12 startup/libea_startup_thumb.a(framework.o)
 .comment       0x00000024       0x12 startup/libea_startup_thumb.a(consol.o)
 .comment       0x00000036       0x12 /cygdrive/c/program/gnuarm/bin/../lib/gcc/arm-elf/4.1.1/../../../../arm-elf/lib/interwork/libc.a(memcpy.o)

.debug
 *(.debug)

.line
 *(.line)

.debug_srcinfo
 *(.debug_srcinfo)

.debug_sfnames
 *(.debug_sfnames)

.debug_aranges  0x00000000       0xe0
 *(.debug_aranges)
 .debug_aranges
                0x00000000       0x20 main.o
 .debug_aranges
                0x00000020       0x20 startup/libea_startup_thumb.a(framework.o)
 .debug_aranges
                0x00000040       0x20 startup/libea_startup_thumb.a(consol.o)
 .debug_aranges
                0x00000060       0x20 /cygdrive/c/program/gnuarm/bin/../lib/gcc/arm-elf/4.1.1/interwork/libgcc.a(_udivsi3.o)
 .debug_aranges
                0x00000080       0x20 /cygdrive/c/program/gnuarm/bin/../lib/gcc/arm-elf/4.1.1/interwork/libgcc.a(_umodsi3.o)
 .debug_aranges
                0x000000a0       0x20 /cygdrive/c/program/gnuarm/bin/../lib/gcc/arm-elf/4.1.1/interwork/libgcc.a(_dvmd_tls.o)
 .debug_aranges
                0x000000c0       0x20 /cygdrive/c/program/gnuarm/bin/../lib/gcc/arm-elf/4.1.1/../../../../arm-elf/lib/interwork/libc.a(memcpy.o)

.debug_pubnames
                0x00000000      0x11b
 *(.debug_pubnames)
 .debug_pubnames
                0x00000000       0x1b main.o
 .debug_pubnames
                0x0000001b       0x63 startup/libea_startup_thumb.a(framework.o)
 .debug_pubnames
                0x0000007e       0x80 startup/libea_startup_thumb.a(consol.o)
 .debug_pubnames
                0x000000fe       0x1d /cygdrive/c/program/gnuarm/bin/../lib/gcc/arm-elf/4.1.1/../../../../arm-elf/lib/interwork/libc.a(memcpy.o)

.debug_info     0x00000000      0x8bb
 *(.debug_info .gnu.linkonce.wi.*)
 .debug_info    0x00000000       0xfb main.o
 .debug_info    0x000000fb      0x1b2 startup/libea_startup_thumb.a(framework.o)
 .debug_info    0x000002ad      0x3cc startup/libea_startup_thumb.a(consol.o)
 .debug_info    0x00000679       0x68 /cygdrive/c/program/gnuarm/bin/../lib/gcc/arm-elf/4.1.1/interwork/libgcc.a(_udivsi3.o)
 .debug_info    0x000006e1       0x68 /cygdrive/c/program/gnuarm/bin/../lib/gcc/arm-elf/4.1.1/interwork/libgcc.a(_umodsi3.o)
 .debug_info    0x00000749       0x68 /cygdrive/c/program/gnuarm/bin/../lib/gcc/arm-elf/4.1.1/interwork/libgcc.a(_dvmd_tls.o)
 .debug_info    0x000007b1      0x10a /cygdrive/c/program/gnuarm/bin/../lib/gcc/arm-elf/4.1.1/../../../../arm-elf/lib/interwork/libc.a(memcpy.o)

.debug_abbrev   0x00000000      0x497
 *(.debug_abbrev)
 .debug_abbrev  0x00000000       0xb1 main.o
 .debug_abbrev  0x000000b1       0xd0 startup/libea_startup_thumb.a(framework.o)
 .debug_abbrev  0x00000181      0x234 startup/libea_startup_thumb.a(consol.o)
 .debug_abbrev  0x000003b5       0x14 /cygdrive/c/program/gnuarm/bin/../lib/gcc/arm-elf/4.1.1/interwork/libgcc.a(_udivsi3.o)
 .debug_abbrev  0x000003c9       0x14 /cygdrive/c/program/gnuarm/bin/../lib/gcc/arm-elf/4.1.1/interwork/libgcc.a(_umodsi3.o)
 .debug_abbrev  0x000003dd       0x14 /cygdrive/c/program/gnuarm/bin/../lib/gcc/arm-elf/4.1.1/interwork/libgcc.a(_dvmd_tls.o)
 .debug_abbrev  0x000003f1       0xa6 /cygdrive/c/program/gnuarm/bin/../lib/gcc/arm-elf/4.1.1/../../../../arm-elf/lib/interwork/libc.a(memcpy.o)

.debug_line     0x00000000      0x441
 *(.debug_line)
 .debug_line    0x00000000       0x5b main.o
 .debug_line    0x0000005b       0xb1 startup/libea_startup_thumb.a(framework.o)
 .debug_line    0x0000010c      0x11e startup/libea_startup_thumb.a(consol.o)
 .debug_line    0x0000022a       0x84 /cygdrive/c/program/gnuarm/bin/../lib/gcc/arm-elf/4.1.1/interwork/libgcc.a(_udivsi3.o)
 .debug_line    0x000002ae       0x6e /cygdrive/c/program/gnuarm/bin/../lib/gcc/arm-elf/4.1.1/interwork/libgcc.a(_umodsi3.o)
 .debug_line    0x0000031c       0x5d /cygdrive/c/program/gnuarm/bin/../lib/gcc/arm-elf/4.1.1/interwork/libgcc.a(_dvmd_tls.o)
 .debug_line    0x00000379       0xc8 /cygdrive/c/program/gnuarm/bin/../lib/gcc/arm-elf/4.1.1/../../../../arm-elf/lib/interwork/libc.a(memcpy.o)

.debug_frame    0x00000000      0x23c
 *(.debug_frame)
 .debug_frame   0x00000000       0x28 main.o
 .debug_frame   0x00000028       0xc8 startup/libea_startup_thumb.a(framework.o)
 .debug_frame   0x000000f0       0xcc startup/libea_startup_thumb.a(consol.o)
 .debug_frame   0x000001bc       0x2c /cygdrive/c/program/gnuarm/bin/../lib/gcc/arm-elf/4.1.1/interwork/libgcc.a(_udivsi3.o)
 .debug_frame   0x000001e8       0x2c /cygdrive/c/program/gnuarm/bin/../lib/gcc/arm-elf/4.1.1/interwork/libgcc.a(_umodsi3.o)
 .debug_frame   0x00000214       0x28 /cygdrive/c/program/gnuarm/bin/../lib/gcc/arm-elf/4.1.1/../../../../arm-elf/lib/interwork/libc.a(memcpy.o)

.debug_str      0x00000000      0x36e
 *(.debug_str)
 .debug_str     0x00000000       0xa0 main.o
                                 0xb2 (size before relaxing)
 .debug_str     0x000000a0      0x10e startup/libea_startup_thumb.a(framework.o)
                                0x12c (size before relaxing)
 .debug_str     0x000001ae      0x116 startup/libea_startup_thumb.a(consol.o)
                                0x1a9 (size before relaxing)
 .debug_str     0x000002c4       0xaa /cygdrive/c/program/gnuarm/bin/../lib/gcc/arm-elf/4.1.1/../../../../arm-elf/lib/interwork/libc.a(memcpy.o)
                                 0xd6 (size before relaxing)

.debug_loc      0x00000000      0x67f
 *(.debug_loc)
 .debug_loc     0x00000000       0x1f main.o
 .debug_loc     0x0000001f      0x174 startup/libea_startup_thumb.a(framework.o)
 .debug_loc     0x00000193      0x3f0 startup/libea_startup_thumb.a(consol.o)
 .debug_loc     0x00000583       0xfc /cygdrive/c/program/gnuarm/bin/../lib/gcc/arm-elf/4.1.1/../../../../arm-elf/lib/interwork/libc.a(memcpy.o)

.debug_macinfo
 *(.debug_macinfo)

.debug_weaknames
 *(.debug_weaknames)

.debug_funcnames
 *(.debug_funcnames)

.debug_typenames
 *(.debug_typenames)

.debug_varnames
 *(.debug_varnames)
OUTPUT(pwm_duty.elf elf32-littlearm)

.debug_ranges   0x00000000       0x30
 .debug_ranges  0x00000000       0x30 main.o

Cross Reference Table

Symbol                                            File
____udivsi3_change_to_arm                         /cygdrive/c/program/gnuarm/bin/../lib/gcc/arm-elf/4.1.1/../../../../arm-elf/lib/interwork/libc.a(memcpy.o)
____udivsi3_from_thumb                            /cygdrive/c/program/gnuarm/bin/../lib/gcc/arm-elf/4.1.1/../../../../arm-elf/lib/interwork/libc.a(memcpy.o)
__aeabi_idiv0                                     /cygdrive/c/program/gnuarm/bin/../lib/gcc/arm-elf/4.1.1/interwork/libgcc.a(_dvmd_tls.o)
__aeabi_ldiv0                                     /cygdrive/c/program/gnuarm/bin/../lib/gcc/arm-elf/4.1.1/interwork/libgcc.a(_dvmd_tls.o)
__aeabi_uidiv                                     /cygdrive/c/program/gnuarm/bin/../lib/gcc/arm-elf/4.1.1/interwork/libgcc.a(_udivsi3.o)
__aeabi_uidivmod                                  /cygdrive/c/program/gnuarm/bin/../lib/gcc/arm-elf/4.1.1/interwork/libgcc.a(_udivsi3.o)
__bss_end__                                       startup/libea_startup_thumb.a(startup.o)
__bss_start__                                     startup/libea_startup_thumb.a(startup.o)
__div0                                            /cygdrive/c/program/gnuarm/bin/../lib/gcc/arm-elf/4.1.1/interwork/libgcc.a(_dvmd_tls.o)
                                                  /cygdrive/c/program/gnuarm/bin/../lib/gcc/arm-elf/4.1.1/interwork/libgcc.a(_umodsi3.o)
                                                  /cygdrive/c/program/gnuarm/bin/../lib/gcc/arm-elf/4.1.1/interwork/libgcc.a(_udivsi3.o)
__udivsi3                                         /cygdrive/c/program/gnuarm/bin/../lib/gcc/arm-elf/4.1.1/interwork/libgcc.a(_udivsi3.o)
                                                  startup/libea_startup_thumb.a(consol.o)
                                                  main.o
__umodsi3                                         /cygdrive/c/program/gnuarm/bin/../lib/gcc/arm-elf/4.1.1/interwork/libgcc.a(_umodsi3.o)
                                                  startup/libea_startup_thumb.a(consol.o)
_data                                             startup/libea_startup_thumb.a(startup.o)
_edata                                            startup/libea_startup_thumb.a(startup.o)
_etext                                            startup/libea_startup_thumb.a(startup.o)
_startup                                          startup/libea_startup_thumb.a(startup.o)
consolInit                                        startup/libea_startup_thumb.a(consol.o)
                                                  startup/libea_startup_thumb.a(framework.o)
consolSendCh                                      startup/libea_startup_thumb.a(consol.o)
consolSendChar                                    startup/libea_startup_thumb.a(consol.o)
consolSendNumber                                  startup/libea_startup_thumb.a(consol.o)
                                                  startup/libea_startup_thumb.a(framework.o)
consolSendString                                  startup/libea_startup_thumb.a(consol.o)
                                                  startup/libea_startup_thumb.a(framework.o)
eaInit                                            startup/libea_startup_thumb.a(framework.o)
end                                               startup/libea_startup_thumb.a(framework.o)
exceptionHandlerInit                              startup/libea_startup_thumb.a(framework.o)
                                                  startup/libea_startup_thumb.a(startup.o)
lowLevelInit                                      startup/libea_startup_thumb.a(framework.o)
                                                  startup/libea_startup_thumb.a(startup.o)
main                                              main.o
                                                  startup/libea_startup_thumb.a(startup.o)
memcpy                                            /cygdrive/c/program/gnuarm/bin/../lib/gcc/arm-elf/4.1.1/../../../../arm-elf/lib/interwork/libc.a(memcpy.o)
                                                  startup/libea_startup_thumb.a(consol.o)
pHeapEnd                                          startup/libea_startup_thumb.a(framework.o)
pHeapStart                                        startup/libea_startup_thumb.a(framework.o)
simplePrintf                                      startup/libea_startup_thumb.a(consol.o)
