Archive member included because of file (symbol)

startup/libea_startup_thumb.a(consol.o)
                              main.o (simplePrintf)
startup/libea_startup_thumb.a(framework.o)
                              main.o (eaInit)
startup/libea_startup_thumb.a(startup.o)
                              (_startup)
pre_emptive_os/pre_emptive_os.a(kernel.o)
                              main.o (osStartProcess)
pre_emptive_os/pre_emptive_os.a(prioqueue.o)
                              pre_emptive_os/pre_emptive_os.a(kernel.o) (initPrioQueue)
pre_emptive_os/pre_emptive_os.a(count_sem.o)
                              proc1.o (osSemGive)
pre_emptive_os/pre_emptive_os.a(timer.o)
                              pre_emptive_os/pre_emptive_os.a(kernel.o) (timerTick)
pre_emptive_os/pre_emptive_os.a(stack_usage.o)
                              pre_emptive_os/pre_emptive_os.a(kernel.o) (createStackPattern)
pre_emptive_os/pre_emptive_os.a(a7hal.o)
                              pre_emptive_os/pre_emptive_os.a(kernel.o) (stkFrameInit_oshal)
pre_emptive_os/pre_emptive_os.a(a7hal_a.o)
                              pre_emptive_os/pre_emptive_os.a(kernel.o) (startHighProc_oshal)
pre_emptive_os/pre_emptive_os.a(event.o)
                              pre_emptive_os/pre_emptive_os.a(count_sem.o) (eventIsEmpty)
LCD/lib_LCD.a(LCD.o)          main.o (delay)
interrupt/lib_interrupt.a(interrupt.o)
                              main.o (Timer1ISRirq)
I2C/i2c_poll.a(i2c.o)         proc2.o (i2cInit)
/cygdrive/c/ProgramFiles/GNUARM/bin/../lib/gcc/arm-elf/4.1.1/interwork/libgcc.a(_udivsi3.o)
                              startup/libea_startup_thumb.a(consol.o) (__udivsi3)
/cygdrive/c/ProgramFiles/GNUARM/bin/../lib/gcc/arm-elf/4.1.1/interwork/libgcc.a(_divsi3.o)
                              pre_emptive_os/pre_emptive_os.a(stack_usage.o) (__divsi3)
/cygdrive/c/ProgramFiles/GNUARM/bin/../lib/gcc/arm-elf/4.1.1/interwork/libgcc.a(_umodsi3.o)
                              startup/libea_startup_thumb.a(consol.o) (__umodsi3)
/cygdrive/c/ProgramFiles/GNUARM/bin/../lib/gcc/arm-elf/4.1.1/interwork/libgcc.a(_dvmd_tls.o)
                              /cygdrive/c/ProgramFiles/GNUARM/bin/../lib/gcc/arm-elf/4.1.1/interwork/libgcc.a(_udivsi3.o) (__div0)
/cygdrive/c/ProgramFiles/GNUARM/bin/../lib/gcc/arm-elf/4.1.1/../../../../arm-elf/lib/interwork/libc.a(memcpy.o)
                              startup/libea_startup_thumb.a(consol.o) (memcpy)

Allocating common symbols
Common symbol       size              file

mutexLCD            0x1c              main.o
pHeapEnd            0x4               startup/libea_startup_thumb.a(framework.o)
pHeapStart          0x4               startup/libea_startup_thumb.a(framework.o)
processControlBlocks
                    0x190             pre_emptive_os/pre_emptive_os.a(kernel.o)

Discarded input sections

 .stabstr       0x00000000        0x0 startup/libea_startup_thumb.a(startup.o)
 .stabstr       0x00000000        0x0 pre_emptive_os/pre_emptive_os.a(a7hal_a.o)

Memory Configuration

Name             Origin             Length             Attributes
FLASH            0x00000000         0x00080000         xr
RAM              0x40000200         0x00007e00         rw
*default*        0x00000000         0xffffffff

Linker script and memory map

LOAD main.o
LOAD proc1.o
LOAD proc2.o
LOAD proc3.o
LOAD startup/libea_startup_thumb.a
LOAD pre_emptive_os/pre_emptive_os.a
LOAD LCD/lib_LCD.a
LOAD interrupt/lib_interrupt.a
LOAD I2C/i2c_poll.a
START GROUP
LOAD /cygdrive/c/ProgramFiles/GNUARM/bin/../lib/gcc/arm-elf/4.1.1/interwork/libgcc.a
LOAD /cygdrive/c/ProgramFiles/GNUARM/bin/../lib/gcc/arm-elf/4.1.1/../../../../arm-elf/lib/interwork/libc.a
END GROUP

.text           0x00000000     0x2c48
 *startup.o(.text)
 .text          0x00000000      0x1d8 startup/libea_startup_thumb.a(startup.o)
                0x00000000                _startup
 *(.text)
 .text          0x000001d8      0x284 main.o
                0x00000448                appTick
                0x000001d8                main
 .text          0x0000045c       0x34 proc1.o
                0x0000045c                procEx1
 .text          0x00000490      0x174 proc2.o
                0x000004f8                getDistance
                0x000005a8                procEx2
 .text          0x00000604       0x34 proc3.o
                0x00000604                procEx3
 .text          0x00000638      0x3fc startup/libea_startup_thumb.a(consol.o)
                0x0000072c                consolSendCh
                0x0000079c                consolSendNumber
                0x0000070c                consolSendChar
                0x000008b4                simplePrintf
                0x00000770                consolSendString
                0x000006bc                consolInit
 .text          0x00000a34      0x2c0 startup/libea_startup_thumb.a(framework.o)
                0x00000b60                eaInit
                0x00000aac                lowLevelInit
                0x00000a34                exceptionHandlerInit
 .text          0x00000cf4      0x514 pre_emptive_os/pre_emptive_os.a(kernel.o)
                0x0000104c                osTick
                0x00000dd8                rmvFromRdyList
                0x00000e08                osGetHighPrioProc
                0x00000f48                osSuspend
                0x000011d8                osInit
                0x00000fe4                osDeleteProcess
                0x00000cf4                osISREnter
                0x00000e70                schedule
                0x000010a8                osCreateProcess
                0x00000df4                addToRdyList
                0x00000d14                addToTimeList
                0x00000edc                osResume
                0x00000e24                osPid
                0x00001014                osSleep
                0x00001144                osISRExit
                0x000011ac                osStart
                0x00000d90                rmvFromTimeList
                0x00000f7c                osStartProcess
 .text          0x00001208       0xf4 pre_emptive_os/pre_emptive_os.a(prioqueue.o)
                0x00001208                initPrioQueue
                0x00001260                rmvFromPrioQueue
                0x00001218                addToPrioQueue
                0x000012e4                isEmptyPrioQueue
                0x000012b8                getHighPrioQueue
 .text          0x000012fc      0x140 pre_emptive_os/pre_emptive_os.a(count_sem.o)
                0x0000133c                osSemGive
                0x000012fc                osSemTryTake
                0x00001428                osSemInit
                0x000013a0                osSemTake
 .text          0x0000143c      0x230 pre_emptive_os/pre_emptive_os.a(timer.o)
                0x000015e4                timerTick
                0x000014a8                osInitTimers
                0x0000154c                osDeleteTimer
                0x000015b8                osCreateTimer
 .text          0x0000166c       0xa8 pre_emptive_os/pre_emptive_os.a(stack_usage.o)
                0x000016cc                osStackUsage
                0x0000166c                createStackPattern
                0x00001688                checkStackLimit
 .text          0x00001714      0x1ec pre_emptive_os/pre_emptive_os.a(a7hal.o)
                0x0000174c                stkFrameInit_oshal
                0x00001714                timerIsr_oshal
                0x0000182c                halRestoreInterrupts_oshal
                0x00001834                initTimer_oshal
                0x0000181c                halEnableInterrupts_oshal
                0x000018cc                handleIRQs_oshal
                0x000017fc                halDisableInterrupts_oshal
 .text          0x00001900       0xc4 pre_emptive_os/pre_emptive_os.a(a7hal_a.o)
                0x0000190c                startHighProc_oshal
                0x00001934                ctxSwitchIsr_oshal
                0x00001914                ctxSwitch_oshal
                0x00001954                generalIRQ_oshal
 .text          0x000019c4       0xd4 pre_emptive_os/pre_emptive_os.a(event.o)
                0x00001a50                eventWait
                0x00001a88                eventInit
                0x000019c4                eventIsEmpty
                0x000019d0                eventWaitReturn
                0x00001a00                eventSignal
 .text          0x00001a98      0x328 LCD/lib_LCD.a(LCD.o)
                0x00001b70                send_character
                0x00001cd8                init_LCD
                0x00001bf8                wait_BF
                0x00001a98                delay
                0x00001ac0                send_instruction
 .text          0x00001dc0       0x5c interrupt/lib_interrupt.a(interrupt.o)
                0x00001dc0                Timer1ISRirq
 .text          0x00001e1c      0x9b4 I2C/i2c_poll.a(i2c.o)
                0x00001e68                i2cInit
                0x00002644                i2cRead
                0x00001f68                i2cStart
                0x00002534                i2cPoll
                0x00002104                i2cStop
                0x00001e1c                i2cCheckStatus
                0x000021f0                i2cGetChar
                0x0000202c                i2cRepeatStart
                0x000023d4                i2cWrite
                0x00002358                i2cPutCharAndWait
                0x0000216c                i2cPutChar
                0x000022e8                i2cWaitAfterTransmit
 .text          0x000027d0      0x114 /cygdrive/c/ProgramFiles/GNUARM/bin/../lib/gcc/arm-elf/4.1.1/interwork/libgcc.a(_udivsi3.o)
                0x000027d0                __udivsi3
                0x000027d0                __aeabi_uidiv
                0x000028cc                __aeabi_uidivmod
 .text          0x000028e4      0x144 /cygdrive/c/ProgramFiles/GNUARM/bin/../lib/gcc/arm-elf/4.1.1/interwork/libgcc.a(_divsi3.o)
                0x000028e4                __aeabi_idiv
                0x000028e4                __divsi3
                0x00002a10                __aeabi_idivmod
 .text          0x00002a28       0xd0 /cygdrive/c/ProgramFiles/GNUARM/bin/../lib/gcc/arm-elf/4.1.1/interwork/libgcc.a(_umodsi3.o)
                0x00002a28                __umodsi3
 .text          0x00002af8        0x4 /cygdrive/c/ProgramFiles/GNUARM/bin/../lib/gcc/arm-elf/4.1.1/interwork/libgcc.a(_dvmd_tls.o)
                0x00002af8                __aeabi_ldiv0
                0x00002af8                __div0
                0x00002af8                __aeabi_idiv0
 .text          0x00002afc       0x9c /cygdrive/c/ProgramFiles/GNUARM/bin/../lib/gcc/arm-elf/4.1.1/../../../../arm-elf/lib/interwork/libc.a(memcpy.o)
                0x00002afc                memcpy
 *(.glue_7)
 .glue_7        0x00002b98        0x0 main.o
 .glue_7        0x00002b98        0x0 proc1.o
 .glue_7        0x00002b98        0x0 proc2.o
 .glue_7        0x00002b98        0x0 proc3.o
 .glue_7        0x00002b98        0x0 startup/libea_startup_thumb.a(consol.o)
 .glue_7        0x00002b98        0x0 startup/libea_startup_thumb.a(framework.o)
 .glue_7        0x00002b98        0x0 startup/libea_startup_thumb.a(startup.o)
 .glue_7        0x00002b98        0x0 pre_emptive_os/pre_emptive_os.a(kernel.o)
 .glue_7        0x00002b98        0x0 pre_emptive_os/pre_emptive_os.a(prioqueue.o)
 .glue_7        0x00002b98        0x0 pre_emptive_os/pre_emptive_os.a(count_sem.o)
 .glue_7        0x00002b98        0x0 pre_emptive_os/pre_emptive_os.a(timer.o)
 .glue_7        0x00002b98        0x0 pre_emptive_os/pre_emptive_os.a(stack_usage.o)
 .glue_7        0x00002b98        0x0 pre_emptive_os/pre_emptive_os.a(a7hal.o)
 .glue_7        0x00002b98        0x0 pre_emptive_os/pre_emptive_os.a(a7hal_a.o)
 .glue_7        0x00002b98        0x0 pre_emptive_os/pre_emptive_os.a(event.o)
 .glue_7        0x00002b98        0x0 LCD/lib_LCD.a(LCD.o)
 .glue_7        0x00002b98        0x0 interrupt/lib_interrupt.a(interrupt.o)
 .glue_7        0x00002b98        0x0 I2C/i2c_poll.a(i2c.o)
 .glue_7        0x00002b98        0x0 /cygdrive/c/ProgramFiles/GNUARM/bin/../lib/gcc/arm-elf/4.1.1/interwork/libgcc.a(_udivsi3.o)
 .glue_7        0x00002b98        0x0 /cygdrive/c/ProgramFiles/GNUARM/bin/../lib/gcc/arm-elf/4.1.1/interwork/libgcc.a(_divsi3.o)
 .glue_7        0x00002b98        0x0 /cygdrive/c/ProgramFiles/GNUARM/bin/../lib/gcc/arm-elf/4.1.1/interwork/libgcc.a(_umodsi3.o)
 .glue_7        0x00002b98        0x0 /cygdrive/c/ProgramFiles/GNUARM/bin/../lib/gcc/arm-elf/4.1.1/interwork/libgcc.a(_dvmd_tls.o)
 .glue_7        0x00002b98       0x18 /cygdrive/c/ProgramFiles/GNUARM/bin/../lib/gcc/arm-elf/4.1.1/../../../../arm-elf/lib/interwork/libc.a(memcpy.o)
                0x00002ba4                __osISRExit_from_arm
                0x00002b98                __osTick_from_arm
 *(.glue_7t)
 .glue_7t       0x00002bb0        0x0 main.o
 .glue_7t       0x00002bb0        0x0 proc1.o
 .glue_7t       0x00002bb0        0x0 proc2.o
 .glue_7t       0x00002bb0        0x0 proc3.o
 .glue_7t       0x00002bb0        0x0 startup/libea_startup_thumb.a(consol.o)
 .glue_7t       0x00002bb0        0x0 startup/libea_startup_thumb.a(framework.o)
 .glue_7t       0x00002bb0        0x0 startup/libea_startup_thumb.a(startup.o)
 .glue_7t       0x00002bb0        0x0 pre_emptive_os/pre_emptive_os.a(kernel.o)
 .glue_7t       0x00002bb0        0x0 pre_emptive_os/pre_emptive_os.a(prioqueue.o)
 .glue_7t       0x00002bb0        0x0 pre_emptive_os/pre_emptive_os.a(count_sem.o)
 .glue_7t       0x00002bb0        0x0 pre_emptive_os/pre_emptive_os.a(timer.o)
 .glue_7t       0x00002bb0        0x0 pre_emptive_os/pre_emptive_os.a(stack_usage.o)
 .glue_7t       0x00002bb0        0x0 pre_emptive_os/pre_emptive_os.a(a7hal.o)
 .glue_7t       0x00002bb0        0x0 pre_emptive_os/pre_emptive_os.a(a7hal_a.o)
 .glue_7t       0x00002bb0        0x0 pre_emptive_os/pre_emptive_os.a(event.o)
 .glue_7t       0x00002bb0        0x0 LCD/lib_LCD.a(LCD.o)
 .glue_7t       0x00002bb0        0x0 interrupt/lib_interrupt.a(interrupt.o)
 .glue_7t       0x00002bb0        0x0 I2C/i2c_poll.a(i2c.o)
 .glue_7t       0x00002bb0        0x0 /cygdrive/c/ProgramFiles/GNUARM/bin/../lib/gcc/arm-elf/4.1.1/interwork/libgcc.a(_udivsi3.o)
 .glue_7t       0x00002bb0        0x0 /cygdrive/c/ProgramFiles/GNUARM/bin/../lib/gcc/arm-elf/4.1.1/interwork/libgcc.a(_divsi3.o)
 .glue_7t       0x00002bb0        0x0 /cygdrive/c/ProgramFiles/GNUARM/bin/../lib/gcc/arm-elf/4.1.1/interwork/libgcc.a(_umodsi3.o)
 .glue_7t       0x00002bb0        0x0 /cygdrive/c/ProgramFiles/GNUARM/bin/../lib/gcc/arm-elf/4.1.1/interwork/libgcc.a(_dvmd_tls.o)
 .glue_7t       0x00002bb0       0x98 /cygdrive/c/ProgramFiles/GNUARM/bin/../lib/gcc/arm-elf/4.1.1/../../../../arm-elf/lib/interwork/libc.a(memcpy.o)
                0x00002bb8                __delay_from_thumb
                0x00002bfc                __i2cInit_change_to_arm
                0x00002bc0                __send_instruction_from_thumb
                0x00002c08                __halRestoreInterrupts_oshal_from_thumb
                0x00002bb0                __init_LCD_from_thumb
                0x00002bc4                __send_instruction_change_to_arm
                0x00002c10                __ctxSwitch_oshal_from_thumb
                0x00002c1c                __stkFrameInit_oshal_change_to_arm
                0x00002be0                __i2cWrite_from_thumb
                0x00002c2c                __initTimer_oshal_change_to_arm
                0x00002c30                __startHighProc_oshal_from_thumb
                0x00002bb4                __init_LCD_change_to_arm
                0x00002c44                ____udivsi3_change_to_arm
                0x00002c34                __startHighProc_oshal_change_to_arm
                0x00002c20                __ctxSwitchIsr_oshal_from_thumb
                0x00002bdc                __i2cStart_change_to_arm
                0x00002bf4                __i2cRead_change_to_arm
                0x00002c0c                __halRestoreInterrupts_oshal_change_to_arm
                0x00002bd4                __simplePrintf_change_to_arm
                0x00002c38                ____divsi3_from_thumb
                0x00002bbc                __delay_change_to_arm
                0x00002be4                __i2cWrite_change_to_arm
                0x00002be8                __i2cStop_from_thumb
                0x00002bec                __i2cStop_change_to_arm
                0x00002c14                __ctxSwitch_oshal_change_to_arm
                0x00002c18                __stkFrameInit_oshal_from_thumb
                0x00002c40                ____udivsi3_from_thumb
                0x00002bc8                __eaInit_from_thumb
                0x00002bf8                __i2cInit_from_thumb
                0x00002bd0                __simplePrintf_from_thumb
                0x00002c28                __initTimer_oshal_from_thumb
                0x00002bcc                __eaInit_change_to_arm
                0x00002c24                __ctxSwitchIsr_oshal_change_to_arm
                0x00002c04                __halDisableInterrupts_oshal_change_to_arm
                0x00002c00                __halDisableInterrupts_oshal_from_thumb
                0x00002c3c                ____divsi3_change_to_arm
                0x00002bd8                __i2cStart_from_thumb
                0x00002bf0                __i2cRead_from_thumb
                0x00002c48                . = ALIGN (0x4)

.rodata         0x00002c48      0x13c
 *(.rodata)
 .rodata        0x00002c48       0x18 main.o
                0x00002c4c                delaylong
                0x00002c48                delayshort
 .rodata        0x00002c60       0x28 proc2.o
 .rodata        0x00002c88       0x10 startup/libea_startup_thumb.a(consol.o)
 *(.rodata*)
 .rodata.str1.4
                0x00002c98       0x11 startup/libea_startup_thumb.a(consol.o)
                                 0x14 (size before relaxing)
 *fill*         0x00002ca9        0x3 00
 .rodata.str1.4
                0x00002cac       0xd8 startup/libea_startup_thumb.a(framework.o)
                0x00002d84                . = ALIGN (0x4)
                0x00002d84                _etext = .
                0x00002d84                PROVIDE (etext, .)

.data           0x40000280        0x0 load address 0x00002d84
                0x40000280                _data = .
 *(.data)
 .data          0x40000280        0x0 main.o
 .data          0x40000280        0x0 proc1.o
 .data          0x40000280        0x0 proc2.o
 .data          0x40000280        0x0 proc3.o
 .data          0x40000280        0x0 startup/libea_startup_thumb.a(consol.o)
 .data          0x40000280        0x0 startup/libea_startup_thumb.a(framework.o)
 .data          0x40000280        0x0 startup/libea_startup_thumb.a(startup.o)
 .data          0x40000280        0x0 pre_emptive_os/pre_emptive_os.a(kernel.o)
 .data          0x40000280        0x0 pre_emptive_os/pre_emptive_os.a(prioqueue.o)
 .data          0x40000280        0x0 pre_emptive_os/pre_emptive_os.a(count_sem.o)
 .data          0x40000280        0x0 pre_emptive_os/pre_emptive_os.a(timer.o)
 .data          0x40000280        0x0 pre_emptive_os/pre_emptive_os.a(stack_usage.o)
 .data          0x40000280        0x0 pre_emptive_os/pre_emptive_os.a(a7hal.o)
 .data          0x40000280        0x0 pre_emptive_os/pre_emptive_os.a(a7hal_a.o)
 .data          0x40000280        0x0 pre_emptive_os/pre_emptive_os.a(event.o)
 .data          0x40000280        0x0 LCD/lib_LCD.a(LCD.o)
 .data          0x40000280        0x0 interrupt/lib_interrupt.a(interrupt.o)
 .data          0x40000280        0x0 I2C/i2c_poll.a(i2c.o)
 .data          0x40000280        0x0 /cygdrive/c/ProgramFiles/GNUARM/bin/../lib/gcc/arm-elf/4.1.1/interwork/libgcc.a(_udivsi3.o)
 .data          0x40000280        0x0 /cygdrive/c/ProgramFiles/GNUARM/bin/../lib/gcc/arm-elf/4.1.1/interwork/libgcc.a(_divsi3.o)
 .data          0x40000280        0x0 /cygdrive/c/ProgramFiles/GNUARM/bin/../lib/gcc/arm-elf/4.1.1/interwork/libgcc.a(_umodsi3.o)
 .data          0x40000280        0x0 /cygdrive/c/ProgramFiles/GNUARM/bin/../lib/gcc/arm-elf/4.1.1/interwork/libgcc.a(_dvmd_tls.o)
 .data          0x40000280        0x0 /cygdrive/c/ProgramFiles/GNUARM/bin/../lib/gcc/arm-elf/4.1.1/../../../../arm-elf/lib/interwork/libc.a(memcpy.o)
                0x40000280                . = ALIGN (0x4)
                0x40000280                _edata = .
                0x40000280                PROVIDE (edata, .)

.bss            0x40000200     0x192c
                0x40000200                _bss = .
                0x40000200                __bss_start = .
                0x40000200                __bss_start__ = .
 *(.bss)
 .bss           0x40000200     0x1404 main.o
 .bss           0x40001604        0x0 proc1.o
 .bss           0x40001604        0x0 proc2.o
 .bss           0x40001604        0x0 proc3.o
 .bss           0x40001604        0x0 startup/libea_startup_thumb.a(consol.o)
 .bss           0x40001604        0x0 startup/libea_startup_thumb.a(framework.o)
 .bss           0x40001604        0x0 startup/libea_startup_thumb.a(startup.o)
 .bss           0x40001604       0x2c pre_emptive_os/pre_emptive_os.a(kernel.o)
                0x4000160d                osLockNesting
                0x40001608                pNxtToRun
                0x40001604                pRunProc
                0x4000160c                isrNesting
 .bss           0x40001630        0x0 pre_emptive_os/pre_emptive_os.a(prioqueue.o)
 .bss           0x40001630        0x0 pre_emptive_os/pre_emptive_os.a(count_sem.o)
 .bss           0x40001630      0x348 pre_emptive_os/pre_emptive_os.a(timer.o)
 .bss           0x40001978        0x0 pre_emptive_os/pre_emptive_os.a(stack_usage.o)
 .bss           0x40001978        0x0 pre_emptive_os/pre_emptive_os.a(a7hal.o)
 .bss           0x40001978        0x0 pre_emptive_os/pre_emptive_os.a(a7hal_a.o)
 .bss           0x40001978        0x0 pre_emptive_os/pre_emptive_os.a(event.o)
 .bss           0x40001978        0x0 LCD/lib_LCD.a(LCD.o)
 .bss           0x40001978        0x0 interrupt/lib_interrupt.a(interrupt.o)
 .bss           0x40001978        0x0 I2C/i2c_poll.a(i2c.o)
 .bss           0x40001978        0x0 /cygdrive/c/ProgramFiles/GNUARM/bin/../lib/gcc/arm-elf/4.1.1/interwork/libgcc.a(_udivsi3.o)
 .bss           0x40001978        0x0 /cygdrive/c/ProgramFiles/GNUARM/bin/../lib/gcc/arm-elf/4.1.1/interwork/libgcc.a(_divsi3.o)
 .bss           0x40001978        0x0 /cygdrive/c/ProgramFiles/GNUARM/bin/../lib/gcc/arm-elf/4.1.1/interwork/libgcc.a(_umodsi3.o)
 .bss           0x40001978        0x0 /cygdrive/c/ProgramFiles/GNUARM/bin/../lib/gcc/arm-elf/4.1.1/interwork/libgcc.a(_dvmd_tls.o)
 .bss           0x40001978        0x0 /cygdrive/c/ProgramFiles/GNUARM/bin/../lib/gcc/arm-elf/4.1.1/../../../../arm-elf/lib/interwork/libc.a(memcpy.o)
 *(COMMON)
 COMMON         0x40001978       0x1c main.o
                0x40001978                mutexLCD
 COMMON         0x40001994        0x8 startup/libea_startup_thumb.a(framework.o)
                0x40001994                pHeapEnd
                0x40001998                pHeapStart
 COMMON         0x4000199c      0x190 pre_emptive_os/pre_emptive_os.a(kernel.o)
                0x4000199c                processControlBlocks
                0x40001b2c                . = ALIGN (0x4)
                0x40001b2c                . = ALIGN (0x4)
                0x40001b2c                __bss_end = .
                0x40001b2c                __bss_end__ = .
                0x40001b2c                _end = .
                0x40001b2c                PROVIDE (end, .)

.stab           0x00000000      0x600
 *(.stab)
 .stab          0x00000000      0x3c0 startup/libea_startup_thumb.a(startup.o)
 .stab          0x000003c0      0x240 pre_emptive_os/pre_emptive_os.a(a7hal_a.o)
                                0x24c (size before relaxing)

.stabstr        0x00000000       0x98
 *(.stabstr)
 .stabstr       0x00000000       0x98 startup/libea_startup_thumb.a(startup.o)

.stab.excl
 *(.stab.excl)

.stab.exclstr
 *(.stab.exclstr)

.stab.index
 *(.stab.index)

.stab.indexstr
 *(.stab.indexstr)

.comment        0x00000000      0x132
 *(.comment)
 .comment       0x00000000       0x12 main.o
 .comment       0x00000012       0x12 proc1.o
 .comment       0x00000024       0x12 proc2.o
 .comment       0x00000036       0x12 proc3.o
 .comment       0x00000048       0x12 startup/libea_startup_thumb.a(consol.o)
 .comment       0x0000005a       0x12 startup/libea_startup_thumb.a(framework.o)
 .comment       0x0000006c       0x12 pre_emptive_os/pre_emptive_os.a(kernel.o)
 .comment       0x0000007e       0x12 pre_emptive_os/pre_emptive_os.a(prioqueue.o)
 .comment       0x00000090       0x12 pre_emptive_os/pre_emptive_os.a(count_sem.o)
 .comment       0x000000a2       0x12 pre_emptive_os/pre_emptive_os.a(timer.o)
 .comment       0x000000b4       0x12 pre_emptive_os/pre_emptive_os.a(stack_usage.o)
 .comment       0x000000c6       0x12 pre_emptive_os/pre_emptive_os.a(a7hal.o)
 .comment       0x000000d8       0x12 pre_emptive_os/pre_emptive_os.a(event.o)
 .comment       0x000000ea       0x12 LCD/lib_LCD.a(LCD.o)
 .comment       0x000000fc       0x12 interrupt/lib_interrupt.a(interrupt.o)
 .comment       0x0000010e       0x12 I2C/i2c_poll.a(i2c.o)
 .comment       0x00000120       0x12 /cygdrive/c/ProgramFiles/GNUARM/bin/../lib/gcc/arm-elf/4.1.1/../../../../arm-elf/lib/interwork/libc.a(memcpy.o)

.debug
 *(.debug)

.line
 *(.line)

.debug_srcinfo
 *(.debug_srcinfo)

.debug_sfnames
 *(.debug_sfnames)

.debug_aranges  0x00000000      0x2a0
 *(.debug_aranges)
 .debug_aranges
                0x00000000       0x20 main.o
 .debug_aranges
                0x00000020       0x20 proc1.o
 .debug_aranges
                0x00000040       0x20 proc2.o
 .debug_aranges
                0x00000060       0x20 proc3.o
 .debug_aranges
                0x00000080       0x20 startup/libea_startup_thumb.a(consol.o)
 .debug_aranges
                0x000000a0       0x20 startup/libea_startup_thumb.a(framework.o)
 .debug_aranges
                0x000000c0       0x20 pre_emptive_os/pre_emptive_os.a(kernel.o)
 .debug_aranges
                0x000000e0       0x20 pre_emptive_os/pre_emptive_os.a(prioqueue.o)
 .debug_aranges
                0x00000100       0x20 pre_emptive_os/pre_emptive_os.a(count_sem.o)
 .debug_aranges
                0x00000120       0x20 pre_emptive_os/pre_emptive_os.a(timer.o)
 .debug_aranges
                0x00000140       0x20 pre_emptive_os/pre_emptive_os.a(stack_usage.o)
 .debug_aranges
                0x00000160       0x20 pre_emptive_os/pre_emptive_os.a(a7hal.o)
 .debug_aranges
                0x00000180       0x20 pre_emptive_os/pre_emptive_os.a(event.o)
 .debug_aranges
                0x000001a0       0x20 LCD/lib_LCD.a(LCD.o)
 .debug_aranges
                0x000001c0       0x20 interrupt/lib_interrupt.a(interrupt.o)
 .debug_aranges
                0x000001e0       0x20 I2C/i2c_poll.a(i2c.o)
 .debug_aranges
                0x00000200       0x20 /cygdrive/c/ProgramFiles/GNUARM/bin/../lib/gcc/arm-elf/4.1.1/interwork/libgcc.a(_udivsi3.o)
 .debug_aranges
                0x00000220       0x20 /cygdrive/c/ProgramFiles/GNUARM/bin/../lib/gcc/arm-elf/4.1.1/interwork/libgcc.a(_divsi3.o)
 .debug_aranges
                0x00000240       0x20 /cygdrive/c/ProgramFiles/GNUARM/bin/../lib/gcc/arm-elf/4.1.1/interwork/libgcc.a(_umodsi3.o)
 .debug_aranges
                0x00000260       0x20 /cygdrive/c/ProgramFiles/GNUARM/bin/../lib/gcc/arm-elf/4.1.1/interwork/libgcc.a(_dvmd_tls.o)
 .debug_aranges
                0x00000280       0x20 /cygdrive/c/ProgramFiles/GNUARM/bin/../lib/gcc/arm-elf/4.1.1/../../../../arm-elf/lib/interwork/libc.a(memcpy.o)

.debug_pubnames
                0x00000000      0x713
 *(.debug_pubnames)
 .debug_pubnames
                0x00000000       0x51 main.o
 .debug_pubnames
                0x00000051       0x1e proc1.o
 .debug_pubnames
                0x0000006f       0x2e proc2.o
 .debug_pubnames
                0x0000009d       0x1e proc3.o
 .debug_pubnames
                0x000000bb       0x80 startup/libea_startup_thumb.a(consol.o)
 .debug_pubnames
                0x0000013b       0x63 startup/libea_startup_thumb.a(framework.o)
 .debug_pubnames
                0x0000019e      0x17f pre_emptive_os/pre_emptive_os.a(kernel.o)
 .debug_pubnames
                0x0000031d       0x76 pre_emptive_os/pre_emptive_os.a(prioqueue.o)
 .debug_pubnames
                0x00000393       0x4d pre_emptive_os/pre_emptive_os.a(count_sem.o)
 .debug_pubnames
                0x000003e0       0x55 pre_emptive_os/pre_emptive_os.a(timer.o)
 .debug_pubnames
                0x00000435       0x4e pre_emptive_os/pre_emptive_os.a(stack_usage.o)
 .debug_pubnames
                0x00000483       0xc1 pre_emptive_os/pre_emptive_os.a(a7hal.o)
 .debug_pubnames
                0x00000544       0x63 pre_emptive_os/pre_emptive_os.a(event.o)
 .debug_pubnames
                0x000005a7       0x5d LCD/lib_LCD.a(LCD.o)
 .debug_pubnames
                0x00000604       0x23 interrupt/lib_interrupt.a(interrupt.o)
 .debug_pubnames
                0x00000627       0xcf I2C/i2c_poll.a(i2c.o)
 .debug_pubnames
                0x000006f6       0x1d /cygdrive/c/ProgramFiles/GNUARM/bin/../lib/gcc/arm-elf/4.1.1/../../../../arm-elf/lib/interwork/libc.a(memcpy.o)

.debug_info     0x00000000     0x3635
 *(.debug_info .gnu.linkonce.wi.*)
 .debug_info    0x00000000      0x507 main.o
 .debug_info    0x00000507      0x33a proc1.o
 .debug_info    0x00000841      0x3c9 proc2.o
 .debug_info    0x00000c0a      0x33a proc3.o
 .debug_info    0x00000f44      0x3cc startup/libea_startup_thumb.a(consol.o)
 .debug_info    0x00001310      0x1e5 startup/libea_startup_thumb.a(framework.o)
 .debug_info    0x000014f5      0x62d pre_emptive_os/pre_emptive_os.a(kernel.o)
 .debug_info    0x00001b22      0x2f6 pre_emptive_os/pre_emptive_os.a(prioqueue.o)
 .debug_info    0x00001e18      0x345 pre_emptive_os/pre_emptive_os.a(count_sem.o)
 .debug_info    0x0000215d      0x4da pre_emptive_os/pre_emptive_os.a(timer.o)
 .debug_info    0x00002637      0x2e3 pre_emptive_os/pre_emptive_os.a(stack_usage.o)
 .debug_info    0x0000291a      0x189 pre_emptive_os/pre_emptive_os.a(a7hal.o)
 .debug_info    0x00002aa3      0x308 pre_emptive_os/pre_emptive_os.a(event.o)
 .debug_info    0x00002dab      0x13a LCD/lib_LCD.a(LCD.o)
 .debug_info    0x00002ee5       0x5b interrupt/lib_interrupt.a(interrupt.o)
 .debug_info    0x00002f40      0x44b I2C/i2c_poll.a(i2c.o)
 .debug_info    0x0000338b       0x68 /cygdrive/c/ProgramFiles/GNUARM/bin/../lib/gcc/arm-elf/4.1.1/interwork/libgcc.a(_udivsi3.o)
 .debug_info    0x000033f3       0x68 /cygdrive/c/ProgramFiles/GNUARM/bin/../lib/gcc/arm-elf/4.1.1/interwork/libgcc.a(_divsi3.o)
 .debug_info    0x0000345b       0x68 /cygdrive/c/ProgramFiles/GNUARM/bin/../lib/gcc/arm-elf/4.1.1/interwork/libgcc.a(_umodsi3.o)
 .debug_info    0x000034c3       0x68 /cygdrive/c/ProgramFiles/GNUARM/bin/../lib/gcc/arm-elf/4.1.1/interwork/libgcc.a(_dvmd_tls.o)
 .debug_info    0x0000352b      0x10a /cygdrive/c/ProgramFiles/GNUARM/bin/../lib/gcc/arm-elf/4.1.1/../../../../arm-elf/lib/interwork/libc.a(memcpy.o)

.debug_abbrev   0x00000000     0x120d
 *(.debug_abbrev)
 .debug_abbrev  0x00000000       0xff main.o
 .debug_abbrev  0x000000ff       0xb2 proc1.o
 .debug_abbrev  0x000001b1       0xe9 proc2.o
 .debug_abbrev  0x0000029a       0xb2 proc3.o
 .debug_abbrev  0x0000034c      0x234 startup/libea_startup_thumb.a(consol.o)
 .debug_abbrev  0x00000580       0xd0 startup/libea_startup_thumb.a(framework.o)
 .debug_abbrev  0x00000650      0x1d8 pre_emptive_os/pre_emptive_os.a(kernel.o)
 .debug_abbrev  0x00000828      0x14f pre_emptive_os/pre_emptive_os.a(prioqueue.o)
 .debug_abbrev  0x00000977      0x10e pre_emptive_os/pre_emptive_os.a(count_sem.o)
 .debug_abbrev  0x00000a85      0x18e pre_emptive_os/pre_emptive_os.a(timer.o)
 .debug_abbrev  0x00000c13      0x181 pre_emptive_os/pre_emptive_os.a(stack_usage.o)
 .debug_abbrev  0x00000d94       0xf2 pre_emptive_os/pre_emptive_os.a(a7hal.o)
 .debug_abbrev  0x00000e86      0x103 pre_emptive_os/pre_emptive_os.a(event.o)
 .debug_abbrev  0x00000f89       0x5a LCD/lib_LCD.a(LCD.o)
 .debug_abbrev  0x00000fe3       0x43 interrupt/lib_interrupt.a(interrupt.o)
 .debug_abbrev  0x00001026       0xf1 I2C/i2c_poll.a(i2c.o)
 .debug_abbrev  0x00001117       0x14 /cygdrive/c/ProgramFiles/GNUARM/bin/../lib/gcc/arm-elf/4.1.1/interwork/libgcc.a(_udivsi3.o)
 .debug_abbrev  0x0000112b       0x14 /cygdrive/c/ProgramFiles/GNUARM/bin/../lib/gcc/arm-elf/4.1.1/interwork/libgcc.a(_divsi3.o)
 .debug_abbrev  0x0000113f       0x14 /cygdrive/c/ProgramFiles/GNUARM/bin/../lib/gcc/arm-elf/4.1.1/interwork/libgcc.a(_umodsi3.o)
 .debug_abbrev  0x00001153       0x14 /cygdrive/c/ProgramFiles/GNUARM/bin/../lib/gcc/arm-elf/4.1.1/interwork/libgcc.a(_dvmd_tls.o)
 .debug_abbrev  0x00001167       0xa6 /cygdrive/c/ProgramFiles/GNUARM/bin/../lib/gcc/arm-elf/4.1.1/../../../../arm-elf/lib/interwork/libc.a(memcpy.o)

.debug_line     0x00000000      0xe75
 *(.debug_line)
 .debug_line    0x00000000       0xb9 main.o
 .debug_line    0x000000b9       0x82 proc1.o
 .debug_line    0x0000013b       0xa1 proc2.o
 .debug_line    0x000001dc       0x82 proc3.o
 .debug_line    0x0000025e      0x123 startup/libea_startup_thumb.a(consol.o)
 .debug_line    0x00000381       0xba startup/libea_startup_thumb.a(framework.o)
 .debug_line    0x0000043b      0x17a pre_emptive_os/pre_emptive_os.a(kernel.o)
 .debug_line    0x000005b5       0xb6 pre_emptive_os/pre_emptive_os.a(prioqueue.o)
 .debug_line    0x0000066b       0xda pre_emptive_os/pre_emptive_os.a(count_sem.o)
 .debug_line    0x00000745      0x10b pre_emptive_os/pre_emptive_os.a(timer.o)
 .debug_line    0x00000850       0x8f pre_emptive_os/pre_emptive_os.a(stack_usage.o)
 .debug_line    0x000008df       0x8c pre_emptive_os/pre_emptive_os.a(a7hal.o)
 .debug_line    0x0000096b       0xb2 pre_emptive_os/pre_emptive_os.a(event.o)
 .debug_line    0x00000a1d       0x6c LCD/lib_LCD.a(LCD.o)
 .debug_line    0x00000a89       0x43 interrupt/lib_interrupt.a(interrupt.o)
 .debug_line    0x00000acc      0x102 I2C/i2c_poll.a(i2c.o)
 .debug_line    0x00000bce       0x84 /cygdrive/c/ProgramFiles/GNUARM/bin/../lib/gcc/arm-elf/4.1.1/interwork/libgcc.a(_udivsi3.o)
 .debug_line    0x00000c52       0x90 /cygdrive/c/ProgramFiles/GNUARM/bin/../lib/gcc/arm-elf/4.1.1/interwork/libgcc.a(_divsi3.o)
 .debug_line    0x00000ce2       0x6e /cygdrive/c/ProgramFiles/GNUARM/bin/../lib/gcc/arm-elf/4.1.1/interwork/libgcc.a(_umodsi3.o)
 .debug_line    0x00000d50       0x5d /cygdrive/c/ProgramFiles/GNUARM/bin/../lib/gcc/arm-elf/4.1.1/interwork/libgcc.a(_dvmd_tls.o)
 .debug_line    0x00000dad       0xc8 /cygdrive/c/ProgramFiles/GNUARM/bin/../lib/gcc/arm-elf/4.1.1/../../../../arm-elf/lib/interwork/libc.a(memcpy.o)

.debug_frame    0x00000000      0xb38
 *(.debug_frame)
 .debug_frame   0x00000000       0x98 main.o
 .debug_frame   0x00000098       0x30 proc1.o
 .debug_frame   0x000000c8       0x70 proc2.o
 .debug_frame   0x00000138       0x30 proc3.o
 .debug_frame   0x00000168       0xcc startup/libea_startup_thumb.a(consol.o)
 .debug_frame   0x00000234       0xe0 startup/libea_startup_thumb.a(framework.o)
 .debug_frame   0x00000314      0x1dc pre_emptive_os/pre_emptive_os.a(kernel.o)
 .debug_frame   0x000004f0       0x7c pre_emptive_os/pre_emptive_os.a(prioqueue.o)
 .debug_frame   0x0000056c       0x84 pre_emptive_os/pre_emptive_os.a(count_sem.o)
 .debug_frame   0x000005f0       0xb8 pre_emptive_os/pre_emptive_os.a(timer.o)
 .debug_frame   0x000006a8       0x54 pre_emptive_os/pre_emptive_os.a(stack_usage.o)
 .debug_frame   0x000006fc       0xa0 pre_emptive_os/pre_emptive_os.a(a7hal.o)
 .debug_frame   0x0000079c       0x90 pre_emptive_os/pre_emptive_os.a(event.o)
 .debug_frame   0x0000082c       0xb0 LCD/lib_LCD.a(LCD.o)
 .debug_frame   0x000008dc       0x20 interrupt/lib_interrupt.a(interrupt.o)
 .debug_frame   0x000008fc      0x190 I2C/i2c_poll.a(i2c.o)
 .debug_frame   0x00000a8c       0x2c /cygdrive/c/ProgramFiles/GNUARM/bin/../lib/gcc/arm-elf/4.1.1/interwork/libgcc.a(_udivsi3.o)
 .debug_frame   0x00000ab8       0x2c /cygdrive/c/ProgramFiles/GNUARM/bin/../lib/gcc/arm-elf/4.1.1/interwork/libgcc.a(_divsi3.o)
 .debug_frame   0x00000ae4       0x2c /cygdrive/c/ProgramFiles/GNUARM/bin/../lib/gcc/arm-elf/4.1.1/interwork/libgcc.a(_umodsi3.o)
 .debug_frame   0x00000b10       0x28 /cygdrive/c/ProgramFiles/GNUARM/bin/../lib/gcc/arm-elf/4.1.1/../../../../arm-elf/lib/interwork/libc.a(memcpy.o)

.debug_str      0x00000000      0xa15
 *(.debug_str)
 .debug_str     0x00000000      0x173 startup/libea_startup_thumb.a(consol.o)
                                0x1a8 (size before relaxing)
 .debug_str     0x00000173       0xdd startup/libea_startup_thumb.a(framework.o)
                                0x13f (size before relaxing)
 .debug_str     0x00000250      0x28e pre_emptive_os/pre_emptive_os.a(kernel.o)
                                0x300 (size before relaxing)
 .debug_str     0x000004de       0x7d pre_emptive_os/pre_emptive_os.a(prioqueue.o)
                                0x1f0 (size before relaxing)
 .debug_str     0x0000055b       0x7d pre_emptive_os/pre_emptive_os.a(count_sem.o)
                                0x205 (size before relaxing)
 .debug_str     0x000005d8       0xed pre_emptive_os/pre_emptive_os.a(timer.o)
                                0x2a1 (size before relaxing)
 .debug_str     0x000006c5       0x75 pre_emptive_os/pre_emptive_os.a(stack_usage.o)
                                0x1d5 (size before relaxing)
 .debug_str     0x0000073a      0x176 pre_emptive_os/pre_emptive_os.a(a7hal.o)
                                0x1d8 (size before relaxing)
 .debug_str     0x000008b0       0x51 pre_emptive_os/pre_emptive_os.a(event.o)
                                0x20f (size before relaxing)
 .debug_str     0x00000901       0x5b interrupt/lib_interrupt.a(interrupt.o)
                                 0x7a (size before relaxing)
 .debug_str     0x0000095c        0xf I2C/i2c_poll.a(i2c.o)
 .debug_str     0x0000096b       0xaa /cygdrive/c/ProgramFiles/GNUARM/bin/../lib/gcc/arm-elf/4.1.1/../../../../arm-elf/lib/interwork/libc.a(memcpy.o)
                                 0xd6 (size before relaxing)

.debug_loc      0x00000000     0x18b0
 *(.debug_loc)
 .debug_loc     0x00000000       0xdc main.o
 .debug_loc     0x000000dc       0x37 proc1.o
 .debug_loc     0x00000113       0xa5 proc2.o
 .debug_loc     0x000001b8       0x37 proc3.o
 .debug_loc     0x000001ef      0x3f0 startup/libea_startup_thumb.a(consol.o)
 .debug_loc     0x000005df      0x1b2 startup/libea_startup_thumb.a(framework.o)
 .debug_loc     0x00000791      0x53f pre_emptive_os/pre_emptive_os.a(kernel.o)
 .debug_loc     0x00000cd0      0x124 pre_emptive_os/pre_emptive_os.a(prioqueue.o)
 .debug_loc     0x00000df4      0x219 pre_emptive_os/pre_emptive_os.a(count_sem.o)
 .debug_loc     0x0000100d      0x253 pre_emptive_os/pre_emptive_os.a(timer.o)
 .debug_loc     0x00001260      0x120 pre_emptive_os/pre_emptive_os.a(stack_usage.o)
 .debug_loc     0x00001380      0x16a pre_emptive_os/pre_emptive_os.a(event.o)
 .debug_loc     0x000014ea       0xd2 LCD/lib_LCD.a(LCD.o)
 .debug_loc     0x000015bc      0x1f8 I2C/i2c_poll.a(i2c.o)
 .debug_loc     0x000017b4       0xfc /cygdrive/c/ProgramFiles/GNUARM/bin/../lib/gcc/arm-elf/4.1.1/../../../../arm-elf/lib/interwork/libc.a(memcpy.o)

.debug_macinfo
 *(.debug_macinfo)

.debug_weaknames
 *(.debug_weaknames)

.debug_funcnames
 *(.debug_funcnames)

.debug_typenames
 *(.debug_typenames)

.debug_varnames
 *(.debug_varnames)
OUTPUT(main.elf elf32-littlearm)

Cross Reference Table

Symbol                                            File
Timer1ISRirq                                      interrupt/lib_interrupt.a(interrupt.o)
                                                  main.o
____divsi3_change_to_arm                          /cygdrive/c/ProgramFiles/GNUARM/bin/../lib/gcc/arm-elf/4.1.1/../../../../arm-elf/lib/interwork/libc.a(memcpy.o)
____divsi3_from_thumb                             /cygdrive/c/ProgramFiles/GNUARM/bin/../lib/gcc/arm-elf/4.1.1/../../../../arm-elf/lib/interwork/libc.a(memcpy.o)
____udivsi3_change_to_arm                         /cygdrive/c/ProgramFiles/GNUARM/bin/../lib/gcc/arm-elf/4.1.1/../../../../arm-elf/lib/interwork/libc.a(memcpy.o)
____udivsi3_from_thumb                            /cygdrive/c/ProgramFiles/GNUARM/bin/../lib/gcc/arm-elf/4.1.1/../../../../arm-elf/lib/interwork/libc.a(memcpy.o)
__aeabi_idiv                                      /cygdrive/c/ProgramFiles/GNUARM/bin/../lib/gcc/arm-elf/4.1.1/interwork/libgcc.a(_divsi3.o)
__aeabi_idiv0                                     /cygdrive/c/ProgramFiles/GNUARM/bin/../lib/gcc/arm-elf/4.1.1/interwork/libgcc.a(_dvmd_tls.o)
__aeabi_idivmod                                   /cygdrive/c/ProgramFiles/GNUARM/bin/../lib/gcc/arm-elf/4.1.1/interwork/libgcc.a(_divsi3.o)
__aeabi_ldiv0                                     /cygdrive/c/ProgramFiles/GNUARM/bin/../lib/gcc/arm-elf/4.1.1/interwork/libgcc.a(_dvmd_tls.o)
__aeabi_uidiv                                     /cygdrive/c/ProgramFiles/GNUARM/bin/../lib/gcc/arm-elf/4.1.1/interwork/libgcc.a(_udivsi3.o)
__aeabi_uidivmod                                  /cygdrive/c/ProgramFiles/GNUARM/bin/../lib/gcc/arm-elf/4.1.1/interwork/libgcc.a(_udivsi3.o)
__bss_end__                                       startup/libea_startup_thumb.a(startup.o)
__bss_start__                                     startup/libea_startup_thumb.a(startup.o)
__ctxSwitchIsr_oshal_change_to_arm                /cygdrive/c/ProgramFiles/GNUARM/bin/../lib/gcc/arm-elf/4.1.1/../../../../arm-elf/lib/interwork/libc.a(memcpy.o)
__ctxSwitchIsr_oshal_from_thumb                   /cygdrive/c/ProgramFiles/GNUARM/bin/../lib/gcc/arm-elf/4.1.1/../../../../arm-elf/lib/interwork/libc.a(memcpy.o)
__ctxSwitch_oshal_change_to_arm                   /cygdrive/c/ProgramFiles/GNUARM/bin/../lib/gcc/arm-elf/4.1.1/../../../../arm-elf/lib/interwork/libc.a(memcpy.o)
__ctxSwitch_oshal_from_thumb                      /cygdrive/c/ProgramFiles/GNUARM/bin/../lib/gcc/arm-elf/4.1.1/../../../../arm-elf/lib/interwork/libc.a(memcpy.o)
__delay_change_to_arm                             /cygdrive/c/ProgramFiles/GNUARM/bin/../lib/gcc/arm-elf/4.1.1/../../../../arm-elf/lib/interwork/libc.a(memcpy.o)
__delay_from_thumb                                /cygdrive/c/ProgramFiles/GNUARM/bin/../lib/gcc/arm-elf/4.1.1/../../../../arm-elf/lib/interwork/libc.a(memcpy.o)
__div0                                            /cygdrive/c/ProgramFiles/GNUARM/bin/../lib/gcc/arm-elf/4.1.1/interwork/libgcc.a(_dvmd_tls.o)
                                                  /cygdrive/c/ProgramFiles/GNUARM/bin/../lib/gcc/arm-elf/4.1.1/interwork/libgcc.a(_umodsi3.o)
                                                  /cygdrive/c/ProgramFiles/GNUARM/bin/../lib/gcc/arm-elf/4.1.1/interwork/libgcc.a(_divsi3.o)
                                                  /cygdrive/c/ProgramFiles/GNUARM/bin/../lib/gcc/arm-elf/4.1.1/interwork/libgcc.a(_udivsi3.o)
__divsi3                                          /cygdrive/c/ProgramFiles/GNUARM/bin/../lib/gcc/arm-elf/4.1.1/interwork/libgcc.a(_divsi3.o)
                                                  pre_emptive_os/pre_emptive_os.a(stack_usage.o)
__eaInit_change_to_arm                            /cygdrive/c/ProgramFiles/GNUARM/bin/../lib/gcc/arm-elf/4.1.1/../../../../arm-elf/lib/interwork/libc.a(memcpy.o)
__eaInit_from_thumb                               /cygdrive/c/ProgramFiles/GNUARM/bin/../lib/gcc/arm-elf/4.1.1/../../../../arm-elf/lib/interwork/libc.a(memcpy.o)
__halDisableInterrupts_oshal_change_to_arm        /cygdrive/c/ProgramFiles/GNUARM/bin/../lib/gcc/arm-elf/4.1.1/../../../../arm-elf/lib/interwork/libc.a(memcpy.o)
__halDisableInterrupts_oshal_from_thumb           /cygdrive/c/ProgramFiles/GNUARM/bin/../lib/gcc/arm-elf/4.1.1/../../../../arm-elf/lib/interwork/libc.a(memcpy.o)
__halRestoreInterrupts_oshal_change_to_arm        /cygdrive/c/ProgramFiles/GNUARM/bin/../lib/gcc/arm-elf/4.1.1/../../../../arm-elf/lib/interwork/libc.a(memcpy.o)
__halRestoreInterrupts_oshal_from_thumb           /cygdrive/c/ProgramFiles/GNUARM/bin/../lib/gcc/arm-elf/4.1.1/../../../../arm-elf/lib/interwork/libc.a(memcpy.o)
__i2cInit_change_to_arm                           /cygdrive/c/ProgramFiles/GNUARM/bin/../lib/gcc/arm-elf/4.1.1/../../../../arm-elf/lib/interwork/libc.a(memcpy.o)
__i2cInit_from_thumb                              /cygdrive/c/ProgramFiles/GNUARM/bin/../lib/gcc/arm-elf/4.1.1/../../../../arm-elf/lib/interwork/libc.a(memcpy.o)
__i2cRead_change_to_arm                           /cygdrive/c/ProgramFiles/GNUARM/bin/../lib/gcc/arm-elf/4.1.1/../../../../arm-elf/lib/interwork/libc.a(memcpy.o)
__i2cRead_from_thumb                              /cygdrive/c/ProgramFiles/GNUARM/bin/../lib/gcc/arm-elf/4.1.1/../../../../arm-elf/lib/interwork/libc.a(memcpy.o)
__i2cStart_change_to_arm                          /cygdrive/c/ProgramFiles/GNUARM/bin/../lib/gcc/arm-elf/4.1.1/../../../../arm-elf/lib/interwork/libc.a(memcpy.o)
__i2cStart_from_thumb                             /cygdrive/c/ProgramFiles/GNUARM/bin/../lib/gcc/arm-elf/4.1.1/../../../../arm-elf/lib/interwork/libc.a(memcpy.o)
__i2cStop_change_to_arm                           /cygdrive/c/ProgramFiles/GNUARM/bin/../lib/gcc/arm-elf/4.1.1/../../../../arm-elf/lib/interwork/libc.a(memcpy.o)
__i2cStop_from_thumb                              /cygdrive/c/ProgramFiles/GNUARM/bin/../lib/gcc/arm-elf/4.1.1/../../../../arm-elf/lib/interwork/libc.a(memcpy.o)
__i2cWrite_change_to_arm                          /cygdrive/c/ProgramFiles/GNUARM/bin/../lib/gcc/arm-elf/4.1.1/../../../../arm-elf/lib/interwork/libc.a(memcpy.o)
__i2cWrite_from_thumb                             /cygdrive/c/ProgramFiles/GNUARM/bin/../lib/gcc/arm-elf/4.1.1/../../../../arm-elf/lib/interwork/libc.a(memcpy.o)
__initTimer_oshal_change_to_arm                   /cygdrive/c/ProgramFiles/GNUARM/bin/../lib/gcc/arm-elf/4.1.1/../../../../arm-elf/lib/interwork/libc.a(memcpy.o)
__initTimer_oshal_from_thumb                      /cygdrive/c/ProgramFiles/GNUARM/bin/../lib/gcc/arm-elf/4.1.1/../../../../arm-elf/lib/interwork/libc.a(memcpy.o)
__init_LCD_change_to_arm                          /cygdrive/c/ProgramFiles/GNUARM/bin/../lib/gcc/arm-elf/4.1.1/../../../../arm-elf/lib/interwork/libc.a(memcpy.o)
__init_LCD_from_thumb                             /cygdrive/c/ProgramFiles/GNUARM/bin/../lib/gcc/arm-elf/4.1.1/../../../../arm-elf/lib/interwork/libc.a(memcpy.o)
__osISRExit_from_arm                              /cygdrive/c/ProgramFiles/GNUARM/bin/../lib/gcc/arm-elf/4.1.1/../../../../arm-elf/lib/interwork/libc.a(memcpy.o)
__osTick_from_arm                                 /cygdrive/c/ProgramFiles/GNUARM/bin/../lib/gcc/arm-elf/4.1.1/../../../../arm-elf/lib/interwork/libc.a(memcpy.o)
__send_instruction_change_to_arm                  /cygdrive/c/ProgramFiles/GNUARM/bin/../lib/gcc/arm-elf/4.1.1/../../../../arm-elf/lib/interwork/libc.a(memcpy.o)
__send_instruction_from_thumb                     /cygdrive/c/ProgramFiles/GNUARM/bin/../lib/gcc/arm-elf/4.1.1/../../../../arm-elf/lib/interwork/libc.a(memcpy.o)
__simplePrintf_change_to_arm                      /cygdrive/c/ProgramFiles/GNUARM/bin/../lib/gcc/arm-elf/4.1.1/../../../../arm-elf/lib/interwork/libc.a(memcpy.o)
__simplePrintf_from_thumb                         /cygdrive/c/ProgramFiles/GNUARM/bin/../lib/gcc/arm-elf/4.1.1/../../../../arm-elf/lib/interwork/libc.a(memcpy.o)
__startHighProc_oshal_change_to_arm               /cygdrive/c/ProgramFiles/GNUARM/bin/../lib/gcc/arm-elf/4.1.1/../../../../arm-elf/lib/interwork/libc.a(memcpy.o)
__startHighProc_oshal_from_thumb                  /cygdrive/c/ProgramFiles/GNUARM/bin/../lib/gcc/arm-elf/4.1.1/../../../../arm-elf/lib/interwork/libc.a(memcpy.o)
__stkFrameInit_oshal_change_to_arm                /cygdrive/c/ProgramFiles/GNUARM/bin/../lib/gcc/arm-elf/4.1.1/../../../../arm-elf/lib/interwork/libc.a(memcpy.o)
__stkFrameInit_oshal_from_thumb                   /cygdrive/c/ProgramFiles/GNUARM/bin/../lib/gcc/arm-elf/4.1.1/../../../../arm-elf/lib/interwork/libc.a(memcpy.o)
__udivsi3                                         /cygdrive/c/ProgramFiles/GNUARM/bin/../lib/gcc/arm-elf/4.1.1/interwork/libgcc.a(_udivsi3.o)
                                                  I2C/i2c_poll.a(i2c.o)
                                                  pre_emptive_os/pre_emptive_os.a(stack_usage.o)
                                                  startup/libea_startup_thumb.a(consol.o)
__umodsi3                                         /cygdrive/c/ProgramFiles/GNUARM/bin/../lib/gcc/arm-elf/4.1.1/interwork/libgcc.a(_umodsi3.o)
                                                  startup/libea_startup_thumb.a(consol.o)
_data                                             startup/libea_startup_thumb.a(startup.o)
_edata                                            startup/libea_startup_thumb.a(startup.o)
_etext                                            startup/libea_startup_thumb.a(startup.o)
_startup                                          startup/libea_startup_thumb.a(startup.o)
addToPrioQueue                                    pre_emptive_os/pre_emptive_os.a(prioqueue.o)
                                                  pre_emptive_os/pre_emptive_os.a(event.o)
                                                  pre_emptive_os/pre_emptive_os.a(kernel.o)
addToRdyList                                      pre_emptive_os/pre_emptive_os.a(kernel.o)
                                                  pre_emptive_os/pre_emptive_os.a(event.o)
addToTimeList                                     pre_emptive_os/pre_emptive_os.a(kernel.o)
                                                  pre_emptive_os/pre_emptive_os.a(event.o)
appTick                                           main.o
                                                  pre_emptive_os/pre_emptive_os.a(kernel.o)
checkStackLimit                                   pre_emptive_os/pre_emptive_os.a(stack_usage.o)
consolInit                                        startup/libea_startup_thumb.a(consol.o)
                                                  startup/libea_startup_thumb.a(framework.o)
consolSendCh                                      startup/libea_startup_thumb.a(consol.o)
consolSendChar                                    startup/libea_startup_thumb.a(consol.o)
consolSendNumber                                  startup/libea_startup_thumb.a(consol.o)
                                                  startup/libea_startup_thumb.a(framework.o)
consolSendString                                  startup/libea_startup_thumb.a(consol.o)
                                                  startup/libea_startup_thumb.a(framework.o)
createStackPattern                                pre_emptive_os/pre_emptive_os.a(stack_usage.o)
                                                  pre_emptive_os/pre_emptive_os.a(kernel.o)
ctxSwitchIsr_oshal                                pre_emptive_os/pre_emptive_os.a(a7hal_a.o)
                                                  pre_emptive_os/pre_emptive_os.a(kernel.o)
ctxSwitch_oshal                                   pre_emptive_os/pre_emptive_os.a(a7hal_a.o)
                                                  pre_emptive_os/pre_emptive_os.a(kernel.o)
delay                                             LCD/lib_LCD.a(LCD.o)
                                                  proc2.o
                                                  main.o
delaylong                                         main.o
delayshort                                        main.o
eaInit                                            startup/libea_startup_thumb.a(framework.o)
                                                  proc2.o
                                                  main.o
end                                               startup/libea_startup_thumb.a(framework.o)
eventInit                                         pre_emptive_os/pre_emptive_os.a(event.o)
                                                  pre_emptive_os/pre_emptive_os.a(count_sem.o)
eventIsEmpty                                      pre_emptive_os/pre_emptive_os.a(event.o)
                                                  pre_emptive_os/pre_emptive_os.a(count_sem.o)
eventSignal                                       pre_emptive_os/pre_emptive_os.a(event.o)
                                                  pre_emptive_os/pre_emptive_os.a(count_sem.o)
eventWait                                         pre_emptive_os/pre_emptive_os.a(event.o)
                                                  pre_emptive_os/pre_emptive_os.a(count_sem.o)
eventWaitReturn                                   pre_emptive_os/pre_emptive_os.a(event.o)
                                                  pre_emptive_os/pre_emptive_os.a(count_sem.o)
exceptionHandlerInit                              startup/libea_startup_thumb.a(framework.o)
                                                  startup/libea_startup_thumb.a(startup.o)
generalIRQ_oshal                                  pre_emptive_os/pre_emptive_os.a(a7hal_a.o)
                                                  pre_emptive_os/pre_emptive_os.a(a7hal.o)
getDistance                                       proc2.o
getHighPrioQueue                                  pre_emptive_os/pre_emptive_os.a(prioqueue.o)
                                                  pre_emptive_os/pre_emptive_os.a(event.o)
                                                  pre_emptive_os/pre_emptive_os.a(kernel.o)
halDisableInterrupts_oshal                        pre_emptive_os/pre_emptive_os.a(a7hal.o)
                                                  pre_emptive_os/pre_emptive_os.a(timer.o)
                                                  pre_emptive_os/pre_emptive_os.a(count_sem.o)
                                                  pre_emptive_os/pre_emptive_os.a(kernel.o)
halEnableInterrupts_oshal                         pre_emptive_os/pre_emptive_os.a(a7hal.o)
halRestoreInterrupts_oshal                        pre_emptive_os/pre_emptive_os.a(a7hal.o)
                                                  pre_emptive_os/pre_emptive_os.a(timer.o)
                                                  pre_emptive_os/pre_emptive_os.a(count_sem.o)
                                                  pre_emptive_os/pre_emptive_os.a(kernel.o)
handleIRQs_oshal                                  pre_emptive_os/pre_emptive_os.a(a7hal.o)
                                                  pre_emptive_os/pre_emptive_os.a(a7hal_a.o)
i2cCheckStatus                                    I2C/i2c_poll.a(i2c.o)
i2cGetChar                                        I2C/i2c_poll.a(i2c.o)
i2cInit                                           I2C/i2c_poll.a(i2c.o)
                                                  proc2.o
i2cPoll                                           I2C/i2c_poll.a(i2c.o)
i2cPutChar                                        I2C/i2c_poll.a(i2c.o)
i2cPutCharAndWait                                 I2C/i2c_poll.a(i2c.o)
i2cRead                                           I2C/i2c_poll.a(i2c.o)
                                                  proc2.o
i2cRepeatStart                                    I2C/i2c_poll.a(i2c.o)
i2cStart                                          I2C/i2c_poll.a(i2c.o)
                                                  proc2.o
i2cStop                                           I2C/i2c_poll.a(i2c.o)
                                                  proc2.o
i2cWaitAfterTransmit                              I2C/i2c_poll.a(i2c.o)
i2cWrite                                          I2C/i2c_poll.a(i2c.o)
                                                  proc2.o
initPrioQueue                                     pre_emptive_os/pre_emptive_os.a(prioqueue.o)
                                                  pre_emptive_os/pre_emptive_os.a(event.o)
                                                  pre_emptive_os/pre_emptive_os.a(kernel.o)
initTimer_oshal                                   pre_emptive_os/pre_emptive_os.a(a7hal.o)
                                                  pre_emptive_os/pre_emptive_os.a(kernel.o)
init_LCD                                          LCD/lib_LCD.a(LCD.o)
                                                  main.o
isEmptyPrioQueue                                  pre_emptive_os/pre_emptive_os.a(prioqueue.o)
                                                  pre_emptive_os/pre_emptive_os.a(event.o)
isrNesting                                        pre_emptive_os/pre_emptive_os.a(kernel.o)
                                                  pre_emptive_os/pre_emptive_os.a(event.o)
                                                  pre_emptive_os/pre_emptive_os.a(a7hal_a.o)
                                                  pre_emptive_os/pre_emptive_os.a(count_sem.o)
lowLevelInit                                      startup/libea_startup_thumb.a(framework.o)
                                                  startup/libea_startup_thumb.a(startup.o)
main                                              main.o
                                                  startup/libea_startup_thumb.a(startup.o)
memcpy                                            /cygdrive/c/ProgramFiles/GNUARM/bin/../lib/gcc/arm-elf/4.1.1/../../../../arm-elf/lib/interwork/libc.a(memcpy.o)
                                                  startup/libea_startup_thumb.a(consol.o)
mutexLCD                                          proc3.o
                                                  proc2.o
                                                  proc1.o
                                                  main.o
osCreateProcess                                   pre_emptive_os/pre_emptive_os.a(kernel.o)
                                                  pre_emptive_os/pre_emptive_os.a(timer.o)
                                                  main.o
osCreateTimer                                     pre_emptive_os/pre_emptive_os.a(timer.o)
osDeleteProcess                                   pre_emptive_os/pre_emptive_os.a(kernel.o)
                                                  main.o
osDeleteTimer                                     pre_emptive_os/pre_emptive_os.a(timer.o)
osGetHighPrioProc                                 pre_emptive_os/pre_emptive_os.a(kernel.o)
osISREnter                                        pre_emptive_os/pre_emptive_os.a(kernel.o)
osISRExit                                         pre_emptive_os/pre_emptive_os.a(kernel.o)
                                                  pre_emptive_os/pre_emptive_os.a(a7hal_a.o)
osInit                                            pre_emptive_os/pre_emptive_os.a(kernel.o)
                                                  main.o
osInitTimers                                      pre_emptive_os/pre_emptive_os.a(timer.o)
osLockNesting                                     pre_emptive_os/pre_emptive_os.a(kernel.o)
osPid                                             pre_emptive_os/pre_emptive_os.a(kernel.o)
osResume                                          pre_emptive_os/pre_emptive_os.a(kernel.o)
osSemGive                                         pre_emptive_os/pre_emptive_os.a(count_sem.o)
                                                  pre_emptive_os/pre_emptive_os.a(timer.o)
                                                  proc3.o
                                                  proc1.o
osSemInit                                         pre_emptive_os/pre_emptive_os.a(count_sem.o)
                                                  pre_emptive_os/pre_emptive_os.a(timer.o)
                                                  main.o
osSemTake                                         pre_emptive_os/pre_emptive_os.a(count_sem.o)
                                                  pre_emptive_os/pre_emptive_os.a(timer.o)
                                                  proc3.o
                                                  proc2.o
                                                  proc1.o
osSemTryTake                                      pre_emptive_os/pre_emptive_os.a(count_sem.o)
osSleep                                           pre_emptive_os/pre_emptive_os.a(kernel.o)
                                                  proc3.o
                                                  proc2.o
                                                  proc1.o
                                                  main.o
osStackUsage                                      pre_emptive_os/pre_emptive_os.a(stack_usage.o)
osStart                                           pre_emptive_os/pre_emptive_os.a(kernel.o)
                                                  main.o
osStartProcess                                    pre_emptive_os/pre_emptive_os.a(kernel.o)
                                                  pre_emptive_os/pre_emptive_os.a(timer.o)
                                                  main.o
osSuspend                                         pre_emptive_os/pre_emptive_os.a(kernel.o)
osTick                                            pre_emptive_os/pre_emptive_os.a(kernel.o)
                                                  pre_emptive_os/pre_emptive_os.a(a7hal.o)
pHeapEnd                                          startup/libea_startup_thumb.a(framework.o)
pHeapStart                                        startup/libea_startup_thumb.a(framework.o)
pNxtToRun                                         pre_emptive_os/pre_emptive_os.a(kernel.o)
                                                  pre_emptive_os/pre_emptive_os.a(a7hal_a.o)
pRunProc                                          pre_emptive_os/pre_emptive_os.a(kernel.o)
                                                  pre_emptive_os/pre_emptive_os.a(event.o)
                                                  pre_emptive_os/pre_emptive_os.a(a7hal_a.o)
procEx1                                           proc1.o
                                                  main.o
procEx2                                           proc2.o
                                                  main.o
procEx3                                           proc3.o
                                                  main.o
processControlBlocks                              pre_emptive_os/pre_emptive_os.a(event.o)
                                                  pre_emptive_os/pre_emptive_os.a(stack_usage.o)
                                                  pre_emptive_os/pre_emptive_os.a(kernel.o)
rmvFromPrioQueue                                  pre_emptive_os/pre_emptive_os.a(prioqueue.o)
                                                  pre_emptive_os/pre_emptive_os.a(event.o)
                                                  pre_emptive_os/pre_emptive_os.a(kernel.o)
rmvFromRdyList                                    pre_emptive_os/pre_emptive_os.a(kernel.o)
                                                  pre_emptive_os/pre_emptive_os.a(event.o)
rmvFromTimeList                                   pre_emptive_os/pre_emptive_os.a(kernel.o)
                                                  pre_emptive_os/pre_emptive_os.a(event.o)
schedule                                          pre_emptive_os/pre_emptive_os.a(kernel.o)
                                                  pre_emptive_os/pre_emptive_os.a(event.o)
                                                  pre_emptive_os/pre_emptive_os.a(count_sem.o)
send_character                                    LCD/lib_LCD.a(LCD.o)
send_instruction                                  LCD/lib_LCD.a(LCD.o)
                                                  main.o
simplePrintf                                      startup/libea_startup_thumb.a(consol.o)
                                                  proc2.o
                                                  main.o
startHighProc_oshal                               pre_emptive_os/pre_emptive_os.a(a7hal_a.o)
                                                  pre_emptive_os/pre_emptive_os.a(kernel.o)
stkFrameInit_oshal                                pre_emptive_os/pre_emptive_os.a(a7hal.o)
                                                  pre_emptive_os/pre_emptive_os.a(kernel.o)
timerIsr_oshal                                    pre_emptive_os/pre_emptive_os.a(a7hal.o)
timerTick                                         pre_emptive_os/pre_emptive_os.a(timer.o)
                                                  pre_emptive_os/pre_emptive_os.a(kernel.o)
wait_BF                                           LCD/lib_LCD.a(LCD.o)
