ARM GAS  /cygdrive/c/DOCUME~1/deforce/LOKALA~1/Temp/ccz4ITac.s 			page 1


   1              		.file	"interrupt.c"
   2              		.section	.debug_abbrev,"",%progbits
   3              	.Ldebug_abbrev0:
   4              		.section	.debug_info,"",%progbits
   5              	.Ldebug_info0:
   6              		.section	.debug_line,"",%progbits
   7              	.Ldebug_line0:
   8 0000 44000000 		.text
   8      02002200 
   8      00000201 
   8      FB0E0D00 
   8      01010101 
   9              	.Ltext0:
  10              		.section	.rodata.str1.4,"aMS",%progbits,1
  11              		.align	2
  12              	.LC0:
  13 0000 4B6C6963 		.ascii	"Klickat p\345 switch ON\012\000"
  13      6B617420 
  13      70E52073 
  13      77697463 
  13      68204F4E 
  14 0016 0000     		.align	2
  15              	.LC1:
  16 0018 494F5049 		.ascii	"IOPIN = %x\012\000"
  16      4E203D20 
  16      25780A00 
  17              		.align	2
  18              	.LC2:
  19 0024 610A610A 		.ascii	"a\012a\012a\012a\012a\012a\012a\012a\012a\012a\012a"
  19      610A610A 
  19      610A610A 
  19      610A610A 
  19      610A610A 
  20 0039 0A610A61 		.ascii	"\012a\012a\012a\012\000"
  20      0A610A00 
  21 0041 000000   		.text
  22              		.align	2
  23              		.global	Timer1ISRirq
  24              		.type	Timer1ISRirq, %function
  25              	Timer1ISRirq:
  26              	.LFB2:
  27              		.file 1 "interrupt.c"
   1:interrupt.c   **** /*
   2:interrupt.c   ****  * interrupt.c
   3:interrupt.c   ****  *
   4:interrupt.c   ****  *  Created on: 2011
   5:interrupt.c   ****  *      Author: Tommy
   6:interrupt.c   ****  */
   7:interrupt.c   **** 
   8:interrupt.c   **** /******************************************************************************
   9:interrupt.c   ****  * Includes
  10:interrupt.c   ****  *****************************************************************************/
  11:interrupt.c   **** #include "../general.h"
  12:interrupt.c   **** #include "../startup/lpc2xxx.h"
  13:interrupt.c   **** #include "../startup/framework.h"
  14:interrupt.c   **** #include "../startup/config.h"
  15:interrupt.c   **** #include "../startup/printf_P.h"
ARM GAS  /cygdrive/c/DOCUME~1/deforce/LOKALA~1/Temp/ccz4ITac.s 			page 2


  16:interrupt.c   **** //#include "../lightSensorSwitch/initLightSwitch.c"
  17:interrupt.c   **** #include  "../regulation/regulation.c"
  18:interrupt.c   **** 
  19:interrupt.c   **** 
  20:interrupt.c   **** #define P028   0x10000000			// Output Switch
  21:interrupt.c   **** /// Från buttonledc
  22:interrupt.c   **** #define led 0x00000800		//the led is connected to P0.11
  23:interrupt.c   **** #define button 0x00010000	//the button is connected to P0.16
  24:interrupt.c   **** 
  25:interrupt.c   **** //#define PCB_PINSEL1_P028_MASK     ((unsigned int) 0x03000000)
  26:interrupt.c   **** 
  27:interrupt.c   **** 
  28:interrupt.c   **** 
  29:interrupt.c   **** 
  30:interrupt.c   **** /*****************************************************************************
  31:interrupt.c   ****  * Exempel på Avbrottsrutin (ljudsamling)
  32:interrupt.c   ****  *
  33:interrupt.c   ****  ****************************************************************************/
  34:interrupt.c   **** 
  35:interrupt.c   **** 
  36:interrupt.c   **** 
  37:interrupt.c   **** 
  38:interrupt.c   **** 
  39:interrupt.c   **** void Timer1ISRirq (void)
  40:interrupt.c   **** {
  28              		.loc 1 40 0
  29              		@ Function supports interworking.
  30              		@ args = 0, pretend = 0, frame = 0
  31              		@ frame_needed = 0, uses_anonymous_args = 0
  32 0000 10402DE9 		stmfd	sp!, {r4, lr}
  33              	.LCFI0:
  41:interrupt.c   ****  tU16 ADvalue, DAvalue;
  42:interrupt.c   **** 
  43:interrupt.c   ****  //long tempMask = IOPIN;
  44:interrupt.c   ****  //tempMask &= ~PCB_PINSEL1_P028_MASK;
  45:interrupt.c   **** 
  46:interrupt.c   **** 
  47:interrupt.c   **** 
  48:interrupt.c   ****  	 // TEST AV SWITCH
  49:interrupt.c   ****  	// IODIR &= ~P028; // sätter P0.28 till input
  50:interrupt.c   ****  	// if (tempMask & P028) {	//is button 1 (not activated)
  51:interrupt.c   **** 
  52:interrupt.c   ****  //printf("IOPIN = %d\n", IOPIN);
  53:interrupt.c   ****  //printf("P028 = %d\n", P028);
  54:interrupt.c   **** 
  55:interrupt.c   ****  /*unsigned long temp_a = IOPIN;
  56:interrupt.c   ****  unsigned long temp_b = P028;
  57:interrupt.c   **** 
  58:interrupt.c   ****  if (temp_a != IOPIN)
  59:interrupt.c   **** 	 printf("IOPIN changed!\n");
  60:interrupt.c   ****  if (temp_b != P028)
  61:interrupt.c   **** 	 printf("P0.28 changed!\n");
  62:interrupt.c   **** */
  63:interrupt.c   ****  //printf("IOPIN: %d\n", temp_a);
  64:interrupt.c   ****  //printf("P0.28: %d\n", temp_b);
  65:interrupt.c   **** 
  66:interrupt.c   **** 
ARM GAS  /cygdrive/c/DOCUME~1/deforce/LOKALA~1/Temp/ccz4ITac.s 			page 3


  67:interrupt.c   ****  	 //if(!((IOPIN &= ~P028) & (P028))){
  68:interrupt.c   ****  //	 IODIR |= led; // från buttonledc
  69:interrupt.c   ****  	//IODIR &= ~P028; // sätter P0.28 till input
  70:interrupt.c   ****  	 // Tryck på joystick-knappen och led lyser (Joystick fungerar ej här)
  71:interrupt.c   ****  	/*if (IOPIN & button){	//is button 1 (not activated)
  72:interrupt.c   ****  	     IOSET = led;	//P0.10 = 1, led off
  73:interrupt.c   ****  	 } else {
  74:interrupt.c   ****  		 IOCLR = led;	//led on
  75:interrupt.c   ****  	 }
  76:interrupt.c   ****  	 */
  77:interrupt.c   ****  	//Tryck på switch och lampa lyser
  78:interrupt.c   ****  /*	if (IOPIN & P028){	//is button 1 (not activated)
  79:interrupt.c   ****  	 	IOSET = led;	//P0.10 = 1, led off
  80:interrupt.c   ****  	 } else {
  81:interrupt.c   ****  	 	IOCLR = led;	//led on
  82:interrupt.c   ****  	 }
  83:interrupt.c   **** */
  84:interrupt.c   ****  // IODIR |= P028; // sätter P0.28 till output
  85:interrupt.c   ****  // IODIR &= ~P028; // sätter P0.28 till input
  86:interrupt.c   ****  	 // Tryck på switch och text skrivs ut
  87:interrupt.c   ****  	 if(IOPIN & P028){
  34              		.loc 1 87 0
  35 0004 4C409FE5 		ldr	r4, .L6
  36 0008 003094E5 		ldr	r3, [r4, #0]
  37 000c 010213E3 		tst	r3, #268435456
  88:interrupt.c   ****  		printf("Klickat på switch ON\n");
  38              		.loc 1 88 0
  39 0010 44009FE5 		ldr	r0, .L6+4
  40              		.loc 1 87 0
  41 0014 0400000A 		beq	.L2
  42              		.loc 1 88 0
  43 0018 FEFFFFEB 		bl	simplePrintf
  89:interrupt.c   ****  	 		//printf("tempMask = %h. P028 = %h", tempMask, P028);
  90:interrupt.c   ****  	 		 //IOSET = led;	//P0.8 = 1, led off
  91:interrupt.c   ****  			printf("IOPIN = %x\n", IOPIN);
  44              		.loc 1 91 0
  45 001c 001094E5 		ldr	r1, [r4, #0]
  46 0020 38009FE5 		ldr	r0, .L6+8
  47 0024 FEFFFFEB 		bl	simplePrintf
  48 0028 010000EA 		b	.L4
  49              	.L2:
  92:interrupt.c   **** 
  93:interrupt.c   ****  	 } else {
  94:interrupt.c   ****     	 //IOCLR = led;	//led on
  95:interrupt.c   ****  		printf("a\na\na\na\na\na\na\na\na\na\na\na\na\na\n");
  50              		.loc 1 95 0
  51 002c 30009FE5 		ldr	r0, .L6+12
  52 0030 FEFFFFEB 		bl	simplePrintf
  53              	.L4:
  96:interrupt.c   ****  		//printf("IOPIN = %d\n", IOPIN);
  97:interrupt.c   ****  		//printf("tempMask = %d. P028 = %d", tempMask, P028);
  98:interrupt.c   ****  	 }
  99:interrupt.c   **** 
 100:interrupt.c   **** 
 101:interrupt.c   ****  // SLUT TEST AV SWITCH
 102:interrupt.c   **** 
 103:interrupt.c   **** 
ARM GAS  /cygdrive/c/DOCUME~1/deforce/LOKALA~1/Temp/ccz4ITac.s 			page 4


 104:interrupt.c   **** 
 105:interrupt.c   ****  // FÖR LJUSSENSOR
 106:interrupt.c   ****  //printf("TEST-Interrupt1\n");
 107:interrupt.c   **** 
 108:interrupt.c   **** /* AD-omvandling av AIN1 (P0.28)  */
 109:interrupt.c   **** 
 110:interrupt.c   **** 
 111:interrupt.c   **** 
 112:interrupt.c   **** /*
 113:interrupt.c   ****  	  //get AIN1 (P0.28)or AIN2 (P0.29)
 114:interrupt.c   **** 	//start conversion now (for selected channel)
 115:interrupt.c   ****  	 // Denna rad har vi lagt till.
 116:interrupt.c   **** 	ADCR = (ADCR & 0xFFFFFF00) | (1 << 2) | (1 << 24);
 117:interrupt.c   **** 
 118:interrupt.c   **** 	//printf("TEST-Interrupt2\n");
 119:interrupt.c   **** 	while((ADDR & 0x80000000) == 0);  //vänta till AD-omvandlaren är klar
 120:interrupt.c   **** 	// printf("TEST-Interrupt3\n");
 121:interrupt.c   **** // Ovanstående är egentligen lite farligt, om AD-omvandlaren lägger av hänger sig allt!
 122:interrupt.c   **** 
 123:interrupt.c   **** //Hämta 16-bitar, skifta till 8-bit integer
 124:interrupt.c   **** 	ADvalue=(ADDR>>8) & 0xFF;
 125:interrupt.c   **** 	// printf("TEST-Interrupt4\n");
 126:interrupt.c   **** 
 127:interrupt.c   **** 
 128:interrupt.c   **** 
 129:interrupt.c   **** //Test, vi gör inget. Lägger ut samma värde som kom in
 130:interrupt.c   **** 
 131:interrupt.c   **** 	DAvalue = ADvalue;
 132:interrupt.c   **** 	// printf("TEST-Interrupt5\n");
 133:interrupt.c   **** //
 134:interrupt.c   **** 
 135:interrupt.c   **** */
 136:interrupt.c   **** 
 137:interrupt.c   **** /* DA-omvandling     */
 138:interrupt.c   **** 	/* DAvalue=DAvalue & 0xFF;	//maska ut 8 bitar för säkerhets skull
 139:interrupt.c   **** 	// printf("TEST-Interrupt6\n");
 140:interrupt.c   **** 	DACR=DAvalue<<8;			//skifta 8 bitar, nolla i bit 16 -> snabb mode
 141:interrupt.c   **** 	// printf("TEST-Interrupt7\n");
 142:interrupt.c   **** 
 143:interrupt.c   **** 	//Skriv ut resultat i terminal
 144:interrupt.c   **** 	printf(" %d \n",DAvalue);
 145:interrupt.c   **** 	setIsValue(DAvalue);
 146:interrupt.c   **** 
 147:interrupt.c   **** 		//printf("TEST-Interrupt8\n");
 148:interrupt.c   **** 	//lastRead=DAvalue;
 149:interrupt.c   **** 
 150:interrupt.c   **** // SLUT LJUSSENSOR + ADOMVANDLING
 151:interrupt.c   **** */
 152:interrupt.c   **** 
 153:interrupt.c   **** //Återställ interruptflaggor
 154:interrupt.c   **** 	TIMER1_IR |= 0x00000001;          //reseta interrrupt flaggan för MR0
  54              		.loc 1 154 0
  55 0034 2C209FE5 		ldr	r2, .L6+16
  56 0038 003092E5 		ldr	r3, [r2, #0]
  57 003c 013083E3 		orr	r3, r3, #1
  58 0040 003082E5 		str	r3, [r2, #0]
 155:interrupt.c   **** 	VICVectAddr = 0x00;        			//dummy write to VIC to signal end of interrupt
ARM GAS  /cygdrive/c/DOCUME~1/deforce/LOKALA~1/Temp/ccz4ITac.s 			page 5


  59              		.loc 1 155 0
  60 0044 0020A0E3 		mov	r2, #0
  61 0048 0030E0E3 		mvn	r3, #0
  62 004c CF2F03E5 		str	r2, [r3, #-4047]
 156:interrupt.c   **** 
 157:interrupt.c   **** 
 158:interrupt.c   **** 
 159:interrupt.c   **** 
 160:interrupt.c   **** }
  63              		.loc 1 160 0
  64 0050 1040BDE8 		ldmfd	sp!, {r4, lr}
  65 0054 1EFF2FE1 		bx	lr
  66              	.L7:
  67              		.align	2
  68              	.L6:
  69 0058 008002E0 		.word	-536707072
  70 005c 00000000 		.word	.LC0
  71 0060 18000000 		.word	.LC1
  72 0064 24000000 		.word	.LC2
  73 0068 008000E0 		.word	-536838144
  74              	.LFE2:
  75              		.size	Timer1ISRirq, .-Timer1ISRirq
  76              		.section	.debug_frame,"",%progbits
  77              	.Lframe0:
  78 0000 0C000000 		.4byte	.LECIE0-.LSCIE0
  79              	.LSCIE0:
  80 0004 FFFFFFFF 		.4byte	0xffffffff
  81 0008 01       		.byte	0x1
  82 0009 00       		.ascii	"\000"
  83 000a 01       		.uleb128 0x1
  84 000b 7C       		.sleb128 -4
  85 000c 0E       		.byte	0xe
  86 000d 0C       		.byte	0xc
  87 000e 0D       		.uleb128 0xd
  88 000f 00       		.uleb128 0x0
  89              		.align	2
  90              	.LECIE0:
  91              	.LSFDE0:
  92 0010 14000000 		.4byte	.LEFDE0-.LASFDE0
  93              	.LASFDE0:
  94 0014 00000000 		.4byte	.Lframe0
  95 0018 00000000 		.4byte	.LFB2
  96 001c 6C000000 		.4byte	.LFE2-.LFB2
  97 0020 44       		.byte	0x4
  98              		.4byte	.LCFI0-.LFB2
  99 0021 0E       		.byte	0xe
 100 0022 08       		.uleb128 0x8
 101 0023 8E       		.byte	0x8e
 102 0024 01       		.uleb128 0x1
 103 0025 84       		.byte	0x84
 104 0026 02       		.uleb128 0x2
 105 0027 00       		.align	2
 106              	.LEFDE0:
 107              		.text
 108              	.Letext0:
 109              		.section	.debug_loc,"",%progbits
 110              	.Ldebug_loc0:
ARM GAS  /cygdrive/c/DOCUME~1/deforce/LOKALA~1/Temp/ccz4ITac.s 			page 6


 111              	.LLST0:
 112 0000 00000000 		.4byte	.LFB2-.Ltext0
 113 0004 04000000 		.4byte	.LCFI0-.Ltext0
 114 0008 0100     		.2byte	0x1
 115 000a 5D       		.byte	0x5d
 116 000b 04000000 		.4byte	.LCFI0-.Ltext0
 117 000f 6C000000 		.4byte	.LFE2-.Ltext0
 118 0013 0200     		.2byte	0x2
 119 0015 7D       		.byte	0x7d
 120 0016 08       		.sleb128 8
 121 0017 00000000 		.4byte	0x0
 122 001b 00000000 		.4byte	0x0
 123              		.section	.debug_info
 124 0000 59000000 		.4byte	0x59
 125 0004 0200     		.2byte	0x2
 126 0006 00000000 		.4byte	.Ldebug_abbrev0
 127 000a 04       		.byte	0x4
 128 000b 01       		.uleb128 0x1
 129 000c 00000000 		.4byte	.Ldebug_line0
 130 0010 6C000000 		.4byte	.Letext0
 131 0014 00000000 		.4byte	.Ltext0
 132 0018 2C000000 		.4byte	.LASF2
 133 001c 01       		.byte	0x1
 134 001d 20000000 		.4byte	.LASF3
 135 0021 48000000 		.4byte	.LASF4
 136 0025 02       		.uleb128 0x2
 137 0026 55000000 		.4byte	0x55
 138 002a 01       		.byte	0x1
 139 002b 00000000 		.4byte	.LASF5
 140 002f 01       		.byte	0x1
 141 0030 28       		.byte	0x28
 142 0031 01       		.byte	0x1
 143 0032 00000000 		.4byte	.LFB2
 144 0036 6C000000 		.4byte	.LFE2
 145 003a 00000000 		.4byte	.LLST0
 146 003e 03       		.uleb128 0x3
 147 003f 40000000 		.4byte	.LASF0
 148 0043 01       		.byte	0x1
 149 0044 29       		.byte	0x29
 150 0045 55000000 		.4byte	0x55
 151 0049 03       		.uleb128 0x3
 152 004a 38000000 		.4byte	.LASF1
 153 004e 01       		.byte	0x1
 154 004f 29       		.byte	0x29
 155 0050 55000000 		.4byte	0x55
 156 0054 00       		.byte	0x0
 157 0055 04       		.uleb128 0x4
 158 0056 0D000000 		.4byte	.LASF6
 159 005a 02       		.byte	0x2
 160 005b 07       		.byte	0x7
 161 005c 00       		.byte	0x0
 162              		.section	.debug_abbrev
 163 0000 01       		.uleb128 0x1
 164 0001 11       		.uleb128 0x11
 165 0002 01       		.byte	0x1
 166 0003 10       		.uleb128 0x10
 167 0004 06       		.uleb128 0x6
ARM GAS  /cygdrive/c/DOCUME~1/deforce/LOKALA~1/Temp/ccz4ITac.s 			page 7


 168 0005 12       		.uleb128 0x12
 169 0006 01       		.uleb128 0x1
 170 0007 11       		.uleb128 0x11
 171 0008 01       		.uleb128 0x1
 172 0009 25       		.uleb128 0x25
 173 000a 0E       		.uleb128 0xe
 174 000b 13       		.uleb128 0x13
 175 000c 0B       		.uleb128 0xb
 176 000d 03       		.uleb128 0x3
 177 000e 0E       		.uleb128 0xe
 178 000f 1B       		.uleb128 0x1b
 179 0010 0E       		.uleb128 0xe
 180 0011 00       		.byte	0x0
 181 0012 00       		.byte	0x0
 182 0013 02       		.uleb128 0x2
 183 0014 2E       		.uleb128 0x2e
 184 0015 01       		.byte	0x1
 185 0016 01       		.uleb128 0x1
 186 0017 13       		.uleb128 0x13
 187 0018 3F       		.uleb128 0x3f
 188 0019 0C       		.uleb128 0xc
 189 001a 03       		.uleb128 0x3
 190 001b 0E       		.uleb128 0xe
 191 001c 3A       		.uleb128 0x3a
 192 001d 0B       		.uleb128 0xb
 193 001e 3B       		.uleb128 0x3b
 194 001f 0B       		.uleb128 0xb
 195 0020 27       		.uleb128 0x27
 196 0021 0C       		.uleb128 0xc
 197 0022 11       		.uleb128 0x11
 198 0023 01       		.uleb128 0x1
 199 0024 12       		.uleb128 0x12
 200 0025 01       		.uleb128 0x1
 201 0026 40       		.uleb128 0x40
 202 0027 06       		.uleb128 0x6
 203 0028 00       		.byte	0x0
 204 0029 00       		.byte	0x0
 205 002a 03       		.uleb128 0x3
 206 002b 34       		.uleb128 0x34
 207 002c 00       		.byte	0x0
 208 002d 03       		.uleb128 0x3
 209 002e 0E       		.uleb128 0xe
 210 002f 3A       		.uleb128 0x3a
 211 0030 0B       		.uleb128 0xb
 212 0031 3B       		.uleb128 0x3b
 213 0032 0B       		.uleb128 0xb
 214 0033 49       		.uleb128 0x49
 215 0034 13       		.uleb128 0x13
 216 0035 00       		.byte	0x0
 217 0036 00       		.byte	0x0
 218 0037 04       		.uleb128 0x4
 219 0038 24       		.uleb128 0x24
 220 0039 00       		.byte	0x0
 221 003a 03       		.uleb128 0x3
 222 003b 0E       		.uleb128 0xe
 223 003c 0B       		.uleb128 0xb
 224 003d 0B       		.uleb128 0xb
ARM GAS  /cygdrive/c/DOCUME~1/deforce/LOKALA~1/Temp/ccz4ITac.s 			page 8


 225 003e 3E       		.uleb128 0x3e
 226 003f 0B       		.uleb128 0xb
 227 0040 00       		.byte	0x0
 228 0041 00       		.byte	0x0
 229 0042 00       		.byte	0x0
 230              		.section	.debug_pubnames,"",%progbits
 231 0000 1F000000 		.4byte	0x1f
 232 0004 0200     		.2byte	0x2
 233 0006 00000000 		.4byte	.Ldebug_info0
 234 000a 5D000000 		.4byte	0x5d
 235 000e 25000000 		.4byte	0x25
 236 0012 54696D65 		.ascii	"Timer1ISRirq\000"
 236      72314953 
 236      52697271 
 236      00
 237 001f 00000000 		.4byte	0x0
 238              		.section	.debug_aranges,"",%progbits
 239 0000 1C000000 		.4byte	0x1c
 240 0004 0200     		.2byte	0x2
 241 0006 00000000 		.4byte	.Ldebug_info0
 242 000a 04       		.byte	0x4
 243 000b 00       		.byte	0x0
 244 000c 0000     		.2byte	0x0
 245 000e 0000     		.2byte	0x0
 246 0010 00000000 		.4byte	.Ltext0
 247 0014 6C000000 		.4byte	.Letext0-.Ltext0
 248 0018 00000000 		.4byte	0x0
 249 001c 00000000 		.4byte	0x0
 250              		.section	.debug_str,"MS",%progbits,1
 251              	.LASF5:
 252 0000 54696D65 		.ascii	"Timer1ISRirq\000"
 252      72314953 
 252      52697271 
 252      00
 253              	.LASF6:
 254 000d 73686F72 		.ascii	"short unsigned int\000"
 254      7420756E 
 254      7369676E 
 254      65642069 
 254      6E7400
 255              	.LASF3:
 256 0020 696E7465 		.ascii	"interrupt.c\000"
 256      72727570 
 256      742E6300 
 257              	.LASF2:
 258 002c 474E5520 		.ascii	"GNU C 4.1.1\000"
 258      4320342E 
 258      312E3100 
 259              	.LASF1:
 260 0038 44417661 		.ascii	"DAvalue\000"
 260      6C756500 
 261              	.LASF0:
 262 0040 41447661 		.ascii	"ADvalue\000"
 262      6C756500 
 263              	.LASF4:
 264 0048 2F637967 		.ascii	"/cygdrive/c/DropBox/armprojects/Projekt12Integratio"
 264      64726976 
ARM GAS  /cygdrive/c/DOCUME~1/deforce/LOKALA~1/Temp/ccz4ITac.s 			page 9


 264      652F632F 
 264      44726F70 
 264      426F782F 
 265 007b 6E2F696E 		.ascii	"n/interrupt\000"
 265      74657272 
 265      75707400 
 266              		.ident	"GCC: (GNU) 4.1.1"
ARM GAS  /cygdrive/c/DOCUME~1/deforce/LOKALA~1/Temp/ccz4ITac.s 			page 10


DEFINED SYMBOLS
                            *ABS*:00000000 interrupt.c
/cygdrive/c/DOCUME~1/deforce/LOKALA~1/Temp/ccz4ITac.s:25     .text:00000000 Timer1ISRirq
/cygdrive/c/DOCUME~1/deforce/LOKALA~1/Temp/ccz4ITac.s:32     .text:00000000 $a
/cygdrive/c/DOCUME~1/deforce/LOKALA~1/Temp/ccz4ITac.s:69     .text:00000058 $d

UNDEFINED SYMBOLS
simplePrintf
